Java HotSpot(TM) 64-Bit Server VM (25.212-b10) for bsd-amd64 JRE (1.8.0_212-b10), built on Apr  1 2019 23:10:56 by "java_re" with gcc 4.2.1 (Based on Apple Inc. build 5658) (LLVM build 2336.11.00)
Memory: 4k page, physical 16777216k(361440k free)

/proc/meminfo:

CommandLine flags: -XX:InitialHeapSize=536870912 -XX:MaxHeapSize=536870912 -XX:+PrintGC -XX:+PrintGCDateStamps -XX:+PrintGCDetails -XX:+PrintGCTimeStamps -XX:+UseCompressedClassPointers -XX:+UseCompressedOops -XX:+UseSerialGC 
2021-07-04T15:30:13.797-0800: 0.177: [GC (Allocation Failure) 2021-07-04T15:30:13.797-0800: 0.177: [DefNew: 139776K->17471K(157248K), 0.0265291 secs] 139776K->40686K(506816K), 0.0266571 secs] [Times: user=0.02 sys=0.02, real=0.03 secs] 
2021-07-04T15:30:13.866-0800: 0.245: [GC (Allocation Failure) 2021-07-04T15:30:13.866-0800: 0.245: [DefNew: 157247K->17471K(157248K), 0.0399008 secs] 180462K->88754K(506816K), 0.0399938 secs] [Times: user=0.02 sys=0.01, real=0.04 secs] 
2021-07-04T15:30:13.941-0800: 0.321: [GC (Allocation Failure) 2021-07-04T15:30:13.941-0800: 0.321: [DefNew: 157247K->17470K(157248K), 0.0347338 secs] 228530K->136624K(506816K), 0.0348531 secs] [Times: user=0.02 sys=0.02, real=0.03 secs] 
2021-07-04T15:30:14.018-0800: 0.397: [GC (Allocation Failure) 2021-07-04T15:30:14.018-0800: 0.397: [DefNew: 157235K->17471K(157248K), 0.0262378 secs] 276389K->175619K(506816K), 0.0263444 secs] [Times: user=0.02 sys=0.01, real=0.03 secs] 
2021-07-04T15:30:14.083-0800: 0.462: [GC (Allocation Failure) 2021-07-04T15:30:14.083-0800: 0.462: [DefNew: 157247K->17471K(157248K), 0.0330097 secs] 315395K->223151K(506816K), 0.0331321 secs] [Times: user=0.01 sys=0.01, real=0.03 secs] 
2021-07-04T15:30:14.158-0800: 0.537: [GC (Allocation Failure) 2021-07-04T15:30:14.158-0800: 0.538: [DefNew: 157247K->17471K(157248K), 0.0371816 secs] 362927K->270105K(506816K), 0.0372922 secs] [Times: user=0.02 sys=0.02, real=0.04 secs] 
2021-07-04T15:30:14.234-0800: 0.613: [GC (Allocation Failure) 2021-07-04T15:30:14.234-0800: 0.613: [DefNew: 157247K->17469K(157248K), 0.0313163 secs] 409881K->315136K(506816K), 0.0314192 secs] [Times: user=0.01 sys=0.01, real=0.03 secs] 
2021-07-04T15:30:14.301-0800: 0.680: [GC (Allocation Failure) 2021-07-04T15:30:14.301-0800: 0.680: [DefNew: 156936K->156936K(157248K), 0.0000199 secs]2021-07-04T15:30:14.301-0800: 0.680: [Tenured: 297667K->270829K(349568K), 0.0519314 secs] 454603K->270829K(506816K), [Metaspace: 2572K->2572K(1056768K)], 0.0520620 secs] [Times: user=0.05 sys=0.00, real=0.05 secs] 
2021-07-04T15:30:14.388-0800: 0.768: [GC (Allocation Failure) 2021-07-04T15:30:14.388-0800: 0.768: [DefNew: 139624K->17470K(157248K), 0.0050981 secs] 410454K->313606K(506816K), 0.0051764 secs] [Times: user=0.00 sys=0.00, real=0.01 secs] 
2021-07-04T15:30:14.427-0800: 0.807: [GC (Allocation Failure) 2021-07-04T15:30:14.428-0800: 0.807: [DefNew: 157246K->17471K(157248K), 0.0362030 secs] 453382K->357202K(506816K), 0.0363247 secs] [Times: user=0.02 sys=0.02, real=0.04 secs] 
2021-07-04T15:30:14.501-0800: 0.881: [GC (Allocation Failure) 2021-07-04T15:30:14.501-0800: 0.881: [DefNew: 157247K->157247K(157248K), 0.0000200 secs]2021-07-04T15:30:14.501-0800: 0.881: [Tenured: 339731K->307584K(349568K), 0.0469392 secs] 496978K->307584K(506816K), [Metaspace: 2572K->2572K(1056768K)], 0.0470703 secs] [Times: user=0.05 sys=0.00, real=0.04 secs] 
2021-07-04T15:30:14.587-0800: 0.966: [GC (Allocation Failure) 2021-07-04T15:30:14.587-0800: 0.966: [DefNew: 139776K->139776K(157248K), 0.0000215 secs]2021-07-04T15:30:14.587-0800: 0.966: [Tenured: 307584K->319529K(349568K), 0.0428083 secs] 447360K->319529K(506816K), [Metaspace: 2572K->2572K(1056768K)], 0.0429522 secs] [Times: user=0.04 sys=0.00, real=0.05 secs] 
2021-07-04T15:30:14.666-0800: 1.045: [GC (Allocation Failure) 2021-07-04T15:30:14.666-0800: 1.045: [DefNew: 139776K->139776K(157248K), 0.0000186 secs]2021-07-04T15:30:14.666-0800: 1.045: [Tenured: 319529K->322185K(349568K), 0.0497858 secs] 459305K->322185K(506816K), [Metaspace: 2572K->2572K(1056768K)], 0.0499093 secs] [Times: user=0.05 sys=0.00, real=0.05 secs] 
Heap
 def new generation   total 157248K, used 5613K [0x00000007a0000000, 0x00000007aaaa0000, 0x00000007aaaa0000)
  eden space 139776K,   4% used [0x00000007a0000000, 0x00000007a057b7b8, 0x00000007a8880000)
  from space 17472K,   0% used [0x00000007a9990000, 0x00000007a9990000, 0x00000007aaaa0000)
  to   space 17472K,   0% used [0x00000007a8880000, 0x00000007a8880000, 0x00000007a9990000)
 tenured generation   total 349568K, used 322185K [0x00000007aaaa0000, 0x00000007c0000000, 0x00000007c0000000)
   the space 349568K,  92% used [0x00000007aaaa0000, 0x00000007be542730, 0x00000007be542800, 0x00000007c0000000)
 Metaspace       used 2579K, capacity 4486K, committed 4864K, reserved 1056768K
  class space    used 278K, capacity 386K, committed 512K, reserved 1048576K
