Java HotSpot(TM) 64-Bit Server VM (25.212-b10) for bsd-amd64 JRE (1.8.0_212-b10), built on Apr  1 2019 23:10:56 by "java_re" with gcc 4.2.1 (Based on Apple Inc. build 5658) (LLVM build 2336.11.00)
Memory: 4k page, physical 16777216k(154772k free)

/proc/meminfo:

CommandLine flags: -XX:InitialHeapSize=536870912 -XX:MaxHeapSize=536870912 -XX:+PrintGC -XX:+PrintGCDateStamps -XX:+PrintGCDetails -XX:+PrintGCTimeStamps -XX:+UseCompressedClassPointers -XX:+UseCompressedOops -XX:+UseG1GC 
2021-07-04T16:38:08.189-0800: 0.117: [GC pause (G1 Evacuation Pause) (young), 0.0032052 secs]
   [Parallel Time: 2.5 ms, GC Workers: 8]
      [GC Worker Start (ms): Min: 117.2, Avg: 117.3, Max: 117.3, Diff: 0.1]
      [Ext Root Scanning (ms): Min: 0.1, Avg: 0.1, Max: 0.3, Diff: 0.2, Sum: 1.2]
      [Update RS (ms): Min: 0.0, Avg: 0.0, Max: 0.0, Diff: 0.0, Sum: 0.0]
         [Processed Buffers: Min: 0, Avg: 0.0, Max: 0, Diff: 0, Sum: 0]
      [Scan RS (ms): Min: 0.0, Avg: 0.0, Max: 0.0, Diff: 0.0, Sum: 0.0]
      [Code Root Scanning (ms): Min: 0.0, Avg: 0.0, Max: 0.0, Diff: 0.0, Sum: 0.0]
      [Object Copy (ms): Min: 1.8, Avg: 2.0, Max: 2.2, Diff: 0.4, Sum: 15.6]
      [Termination (ms): Min: 0.0, Avg: 0.2, Max: 0.4, Diff: 0.4, Sum: 1.7]
         [Termination Attempts: Min: 1, Avg: 1.0, Max: 1, Diff: 0, Sum: 8]
      [GC Worker Other (ms): Min: 0.0, Avg: 0.0, Max: 0.0, Diff: 0.0, Sum: 0.1]
      [GC Worker Total (ms): Min: 2.3, Avg: 2.3, Max: 2.4, Diff: 0.1, Sum: 18.6]
      [GC Worker End (ms): Min: 119.6, Avg: 119.6, Max: 119.6, Diff: 0.0]
   [Code Root Fixup: 0.0 ms]
   [Code Root Purge: 0.0 ms]
   [Clear CT: 0.2 ms]
   [Other: 0.6 ms]
      [Choose CSet: 0.0 ms]
      [Ref Proc: 0.2 ms]
      [Ref Enq: 0.0 ms]
      [Redirty Cards: 0.2 ms]
      [Humongous Register: 0.0 ms]
      [Humongous Reclaim: 0.0 ms]
      [Free CSet: 0.0 ms]
   [Eden: 25.0M(25.0M)->0.0B(22.0M) Survivors: 0.0B->4096.0K Heap: 32.6M(512.0M)->13.3M(512.0M)]
 [Times: user=0.00 sys=0.01, real=0.01 secs] 
2021-07-04T16:38:08.200-0800: 0.128: [GC pause (G1 Evacuation Pause) (young), 0.0030105 secs]
   [Parallel Time: 2.4 ms, GC Workers: 8]
      [GC Worker Start (ms): Min: 128.5, Avg: 128.5, Max: 128.6, Diff: 0.1]
      [Ext Root Scanning (ms): Min: 0.1, Avg: 0.1, Max: 0.2, Diff: 0.2, Sum: 0.9]
      [Update RS (ms): Min: 0.0, Avg: 0.0, Max: 0.0, Diff: 0.0, Sum: 0.0]
         [Processed Buffers: Min: 0, Avg: 0.1, Max: 1, Diff: 1, Sum: 1]
      [Scan RS (ms): Min: 0.0, Avg: 0.0, Max: 0.0, Diff: 0.0, Sum: 0.0]
      [Code Root Scanning (ms): Min: 0.0, Avg: 0.0, Max: 0.0, Diff: 0.0, Sum: 0.0]
      [Object Copy (ms): Min: 1.7, Avg: 1.9, Max: 2.1, Diff: 0.4, Sum: 15.5]
      [Termination (ms): Min: 0.0, Avg: 0.2, Max: 0.4, Diff: 0.4, Sum: 1.6]
         [Termination Attempts: Min: 1, Avg: 1.0, Max: 1, Diff: 0, Sum: 8]
      [GC Worker Other (ms): Min: 0.0, Avg: 0.0, Max: 0.0, Diff: 0.0, Sum: 0.1]
      [GC Worker Total (ms): Min: 2.2, Avg: 2.3, Max: 2.3, Diff: 0.1, Sum: 18.0]
      [GC Worker End (ms): Min: 130.8, Avg: 130.8, Max: 130.8, Diff: 0.0]
   [Code Root Fixup: 0.0 ms]
   [Code Root Purge: 0.0 ms]
   [Clear CT: 0.2 ms]
   [Other: 0.4 ms]
      [Choose CSet: 0.0 ms]
      [Ref Proc: 0.2 ms]
      [Ref Enq: 0.0 ms]
      [Redirty Cards: 0.2 ms]
      [Humongous Register: 0.0 ms]
      [Humongous Reclaim: 0.0 ms]
      [Free CSet: 0.0 ms]
   [Eden: 22.0M(22.0M)->0.0B(43.0M) Survivors: 4096.0K->4096.0K Heap: 41.0M(512.0M)->23.6M(512.0M)]
 [Times: user=0.01 sys=0.01, real=0.00 secs] 
2021-07-04T16:38:08.228-0800: 0.156: [GC pause (G1 Evacuation Pause) (young), 0.0058775 secs]
   [Parallel Time: 5.4 ms, GC Workers: 8]
      [GC Worker Start (ms): Min: 156.3, Avg: 156.3, Max: 156.4, Diff: 0.1]
      [Ext Root Scanning (ms): Min: 0.0, Avg: 0.1, Max: 0.2, Diff: 0.1, Sum: 0.7]
      [Update RS (ms): Min: 0.0, Avg: 0.2, Max: 0.3, Diff: 0.3, Sum: 1.8]
         [Processed Buffers: Min: 0, Avg: 3.1, Max: 5, Diff: 5, Sum: 25]
      [Scan RS (ms): Min: 0.0, Avg: 0.0, Max: 0.0, Diff: 0.0, Sum: 0.0]
      [Code Root Scanning (ms): Min: 0.0, Avg: 0.0, Max: 0.0, Diff: 0.0, Sum: 0.0]
      [Object Copy (ms): Min: 4.5, Avg: 4.8, Max: 5.1, Diff: 0.7, Sum: 38.1]
      [Termination (ms): Min: 0.0, Avg: 0.2, Max: 0.4, Diff: 0.4, Sum: 1.3]
         [Termination Attempts: Min: 1, Avg: 1.0, Max: 1, Diff: 0, Sum: 8]
      [GC Worker Other (ms): Min: 0.0, Avg: 0.0, Max: 0.0, Diff: 0.0, Sum: 0.1]
      [GC Worker Total (ms): Min: 5.2, Avg: 5.3, Max: 5.3, Diff: 0.1, Sum: 42.1]
      [GC Worker End (ms): Min: 161.6, Avg: 161.6, Max: 161.6, Diff: 0.0]
   [Code Root Fixup: 0.0 ms]
   [Code Root Purge: 0.0 ms]
   [Clear CT: 0.1 ms]
   [Other: 0.4 ms]
      [Choose CSet: 0.0 ms]
      [Ref Proc: 0.1 ms]
      [Ref Enq: 0.0 ms]
      [Redirty Cards: 0.1 ms]
      [Humongous Register: 0.0 ms]
      [Humongous Reclaim: 0.0 ms]
      [Free CSet: 0.0 ms]
   [Eden: 43.0M(43.0M)->0.0B(51.0M) Survivors: 4096.0K->6144.0K Heap: 75.9M(512.0M)->43.6M(512.0M)]
 [Times: user=0.01 sys=0.03, real=0.01 secs] 
2021-07-04T16:38:08.257-0800: 0.186: [GC pause (G1 Evacuation Pause) (young), 0.0064185 secs]
   [Parallel Time: 5.9 ms, GC Workers: 8]
      [GC Worker Start (ms): Min: 185.7, Avg: 185.8, Max: 185.8, Diff: 0.1]
      [Ext Root Scanning (ms): Min: 0.0, Avg: 0.1, Max: 0.2, Diff: 0.1, Sum: 0.7]
      [Update RS (ms): Min: 0.4, Avg: 0.5, Max: 0.5, Diff: 0.1, Sum: 4.1]
         [Processed Buffers: Min: 5, Avg: 7.0, Max: 8, Diff: 3, Sum: 56]
      [Scan RS (ms): Min: 0.0, Avg: 0.0, Max: 0.0, Diff: 0.0, Sum: 0.0]
      [Code Root Scanning (ms): Min: 0.0, Avg: 0.0, Max: 0.0, Diff: 0.0, Sum: 0.0]
      [Object Copy (ms): Min: 4.9, Avg: 5.0, Max: 5.1, Diff: 0.2, Sum: 40.1]
      [Termination (ms): Min: 0.0, Avg: 0.1, Max: 0.2, Diff: 0.2, Sum: 0.8]
         [Termination Attempts: Min: 1, Avg: 1.0, Max: 1, Diff: 0, Sum: 8]
      [GC Worker Other (ms): Min: 0.0, Avg: 0.0, Max: 0.0, Diff: 0.0, Sum: 0.1]
      [GC Worker Total (ms): Min: 5.7, Avg: 5.7, Max: 5.8, Diff: 0.1, Sum: 45.8]
      [GC Worker End (ms): Min: 191.5, Avg: 191.5, Max: 191.5, Diff: 0.0]
   [Code Root Fixup: 0.0 ms]
   [Code Root Purge: 0.0 ms]
   [Clear CT: 0.1 ms]
   [Other: 0.4 ms]
      [Choose CSet: 0.0 ms]
      [Ref Proc: 0.2 ms]
      [Ref Enq: 0.0 ms]
      [Redirty Cards: 0.1 ms]
      [Humongous Register: 0.0 ms]
      [Humongous Reclaim: 0.0 ms]
      [Free CSet: 0.0 ms]
   [Eden: 51.0M(51.0M)->0.0B(99.0M) Survivors: 6144.0K->8192.0K Heap: 105.1M(512.0M)->64.7M(512.0M)]
 [Times: user=0.02 sys=0.02, real=0.01 secs] 
2021-07-04T16:38:08.335-0800: 0.263: [GC pause (G1 Evacuation Pause) (young), 0.0114621 secs]
   [Parallel Time: 10.9 ms, GC Workers: 8]
      [GC Worker Start (ms): Min: 263.2, Avg: 263.3, Max: 263.3, Diff: 0.1]
      [Ext Root Scanning (ms): Min: 0.1, Avg: 0.1, Max: 0.2, Diff: 0.1, Sum: 0.8]
      [Update RS (ms): Min: 0.2, Avg: 0.2, Max: 0.2, Diff: 0.1, Sum: 1.6]
         [Processed Buffers: Min: 2, Avg: 2.6, Max: 3, Diff: 1, Sum: 21]
      [Scan RS (ms): Min: 0.0, Avg: 0.0, Max: 0.0, Diff: 0.0, Sum: 0.1]
      [Code Root Scanning (ms): Min: 0.0, Avg: 0.0, Max: 0.0, Diff: 0.0, Sum: 0.0]
      [Object Copy (ms): Min: 10.0, Avg: 10.3, Max: 10.4, Diff: 0.4, Sum: 82.0]
      [Termination (ms): Min: 0.0, Avg: 0.2, Max: 0.4, Diff: 0.4, Sum: 1.2]
         [Termination Attempts: Min: 1, Avg: 1.2, Max: 3, Diff: 2, Sum: 10]
      [GC Worker Other (ms): Min: 0.0, Avg: 0.0, Max: 0.0, Diff: 0.0, Sum: 0.1]
      [GC Worker Total (ms): Min: 10.7, Avg: 10.7, Max: 10.8, Diff: 0.1, Sum: 85.9]
      [GC Worker End (ms): Min: 274.0, Avg: 274.0, Max: 274.0, Diff: 0.0]
   [Code Root Fixup: 0.0 ms]
   [Code Root Purge: 0.0 ms]
   [Clear CT: 0.1 ms]
   [Other: 0.5 ms]
      [Choose CSet: 0.0 ms]
      [Ref Proc: 0.2 ms]
      [Ref Enq: 0.0 ms]
      [Redirty Cards: 0.1 ms]
      [Humongous Register: 0.0 ms]
      [Humongous Reclaim: 0.1 ms]
      [Free CSet: 0.0 ms]
   [Eden: 99.0M(99.0M)->0.0B(101.0M) Survivors: 8192.0K->14.0M Heap: 195.9M(512.0M)->103.6M(512.0M)]
 [Times: user=0.02 sys=0.04, real=0.01 secs] 
2021-07-04T16:38:08.394-0800: 0.322: [GC pause (G1 Evacuation Pause) (young), 0.0178443 secs]
   [Parallel Time: 17.2 ms, GC Workers: 8]
      [GC Worker Start (ms): Min: 322.1, Avg: 322.1, Max: 322.2, Diff: 0.1]
      [Ext Root Scanning (ms): Min: 0.0, Avg: 0.1, Max: 0.2, Diff: 0.1, Sum: 0.8]
      [Update RS (ms): Min: 0.3, Avg: 0.3, Max: 0.4, Diff: 0.1, Sum: 2.3]
         [Processed Buffers: Min: 0, Avg: 2.4, Max: 4, Diff: 4, Sum: 19]
      [Scan RS (ms): Min: 0.0, Avg: 0.0, Max: 0.0, Diff: 0.0, Sum: 0.1]
      [Code Root Scanning (ms): Min: 0.0, Avg: 0.0, Max: 0.0, Diff: 0.0, Sum: 0.0]
      [Object Copy (ms): Min: 15.2, Avg: 15.7, Max: 16.6, Diff: 1.4, Sum: 125.3]
      [Termination (ms): Min: 0.0, Avg: 1.0, Max: 1.5, Diff: 1.5, Sum: 7.6]
         [Termination Attempts: Min: 1, Avg: 1.0, Max: 1, Diff: 0, Sum: 8]
      [GC Worker Other (ms): Min: 0.0, Avg: 0.0, Max: 0.1, Diff: 0.1, Sum: 0.2]
      [GC Worker Total (ms): Min: 17.0, Avg: 17.0, Max: 17.1, Diff: 0.1, Sum: 136.3]
      [GC Worker End (ms): Min: 339.1, Avg: 339.1, Max: 339.2, Diff: 0.0]
   [Code Root Fixup: 0.0 ms]
   [Code Root Purge: 0.0 ms]
   [Clear CT: 0.1 ms]
   [Other: 0.5 ms]
      [Choose CSet: 0.0 ms]
      [Ref Proc: 0.2 ms]
      [Ref Enq: 0.0 ms]
      [Redirty Cards: 0.1 ms]
      [Humongous Register: 0.0 ms]
      [Humongous Reclaim: 0.1 ms]
      [Free CSet: 0.0 ms]
   [Eden: 101.0M(101.0M)->0.0B(134.0M) Survivors: 14.0M->15.0M Heap: 226.5M(512.0M)->138.9M(512.0M)]
 [Times: user=0.03 sys=0.03, real=0.02 secs] 
2021-07-04T16:38:08.488-0800: 0.416: [GC pause (G1 Evacuation Pause) (young), 0.0253609 secs]
   [Parallel Time: 24.2 ms, GC Workers: 8]
      [GC Worker Start (ms): Min: 416.6, Avg: 416.7, Max: 417.1, Diff: 0.5]
      [Ext Root Scanning (ms): Min: 0.0, Avg: 0.2, Max: 0.4, Diff: 0.4, Sum: 1.4]
      [Update RS (ms): Min: 0.0, Avg: 0.2, Max: 0.2, Diff: 0.2, Sum: 1.3]
         [Processed Buffers: Min: 0, Avg: 1.8, Max: 3, Diff: 3, Sum: 14]
      [Scan RS (ms): Min: 0.0, Avg: 0.0, Max: 0.0, Diff: 0.0, Sum: 0.1]
      [Code Root Scanning (ms): Min: 0.0, Avg: 0.0, Max: 0.0, Diff: 0.0, Sum: 0.0]
      [Object Copy (ms): Min: 22.9, Avg: 23.2, Max: 23.7, Diff: 0.8, Sum: 185.4]
      [Termination (ms): Min: 0.0, Avg: 0.5, Max: 0.8, Diff: 0.8, Sum: 4.3]
         [Termination Attempts: Min: 1, Avg: 1.0, Max: 1, Diff: 0, Sum: 8]
      [GC Worker Other (ms): Min: 0.0, Avg: 0.0, Max: 0.0, Diff: 0.0, Sum: 0.1]
      [GC Worker Total (ms): Min: 23.7, Avg: 24.1, Max: 24.2, Diff: 0.5, Sum: 192.6]
      [GC Worker End (ms): Min: 440.7, Avg: 440.8, Max: 440.8, Diff: 0.1]
   [Code Root Fixup: 0.0 ms]
   [Code Root Purge: 0.0 ms]
   [Clear CT: 0.1 ms]
   [Other: 1.0 ms]
      [Choose CSet: 0.0 ms]
      [Ref Proc: 0.4 ms]
      [Ref Enq: 0.0 ms]
      [Redirty Cards: 0.1 ms]
      [Humongous Register: 0.1 ms]
      [Humongous Reclaim: 0.2 ms]
      [Free CSet: 0.1 ms]
   [Eden: 134.0M(134.0M)->0.0B(180.0M) Survivors: 15.0M->19.0M Heap: 317.3M(512.0M)->193.5M(512.0M)]
 [Times: user=0.03 sys=0.05, real=0.03 secs] 
2021-07-04T16:38:08.542-0800: 0.470: [GC pause (G1 Humongous Allocation) (young) (initial-mark), 0.0047348 secs]
   [Parallel Time: 4.2 ms, GC Workers: 8]
      [GC Worker Start (ms): Min: 470.2, Avg: 470.3, Max: 470.3, Diff: 0.1]
      [Ext Root Scanning (ms): Min: 0.1, Avg: 0.1, Max: 0.2, Diff: 0.1, Sum: 0.9]
      [Update RS (ms): Min: 0.2, Avg: 0.3, Max: 0.3, Diff: 0.1, Sum: 2.2]
         [Processed Buffers: Min: 1, Avg: 3.2, Max: 5, Diff: 4, Sum: 26]
      [Scan RS (ms): Min: 0.0, Avg: 0.0, Max: 0.0, Diff: 0.0, Sum: 0.1]
      [Code Root Scanning (ms): Min: 0.0, Avg: 0.0, Max: 0.0, Diff: 0.0, Sum: 0.0]
      [Object Copy (ms): Min: 3.4, Avg: 3.5, Max: 3.6, Diff: 0.2, Sum: 28.3]
      [Termination (ms): Min: 0.0, Avg: 0.1, Max: 0.2, Diff: 0.1, Sum: 0.8]
         [Termination Attempts: Min: 1, Avg: 1.2, Max: 3, Diff: 2, Sum: 10]
      [GC Worker Other (ms): Min: 0.0, Avg: 0.0, Max: 0.0, Diff: 0.0, Sum: 0.1]
      [GC Worker Total (ms): Min: 4.0, Avg: 4.0, Max: 4.1, Diff: 0.1, Sum: 32.3]
      [GC Worker End (ms): Min: 474.3, Avg: 474.3, Max: 474.3, Diff: 0.0]
   [Code Root Fixup: 0.0 ms]
   [Code Root Purge: 0.0 ms]
   [Clear CT: 0.1 ms]
   [Other: 0.5 ms]
      [Choose CSet: 0.0 ms]
      [Ref Proc: 0.2 ms]
      [Ref Enq: 0.0 ms]
      [Redirty Cards: 0.1 ms]
      [Humongous Register: 0.0 ms]
      [Humongous Reclaim: 0.0 ms]
      [Free CSet: 0.0 ms]
   [Eden: 70.0M(180.0M)->0.0B(152.0M) Survivors: 19.0M->24.0M Heap: 282.7M(512.0M)->217.5M(512.0M)]
 [Times: user=0.03 sys=0.01, real=0.00 secs] 
2021-07-04T16:38:08.547-0800: 0.475: [GC concurrent-root-region-scan-start]
2021-07-04T16:38:08.548-0800: 0.476: [GC concurrent-root-region-scan-end, 0.0009850 secs]
2021-07-04T16:38:08.548-0800: 0.476: [GC concurrent-mark-start]
2021-07-04T16:38:08.550-0800: 0.478: [GC concurrent-mark-end, 0.0021624 secs]
2021-07-04T16:38:08.550-0800: 0.478: [GC remark 2021-07-04T16:38:08.550-0800: 0.478: [Finalize Marking, 0.0003246 secs] 2021-07-04T16:38:08.550-0800: 0.479: [GC ref-proc, 0.0000502 secs] 2021-07-04T16:38:08.550-0800: 0.479: [Unloading, 0.0005630 secs], 0.0015263 secs]
 [Times: user=0.01 sys=0.00, real=0.00 secs] 
2021-07-04T16:38:08.552-0800: 0.480: [GC cleanup 227M->227M(512M), 0.0006000 secs]
 [Times: user=0.00 sys=0.00, real=0.00 secs] 
2021-07-04T16:38:08.628-0800: 0.557: [GC pause (G1 Evacuation Pause) (young) (to-space exhausted), 0.0130888 secs]
   [Parallel Time: 11.9 ms, GC Workers: 8]
      [GC Worker Start (ms): Min: 556.9, Avg: 557.0, Max: 557.4, Diff: 0.5]
      [Ext Root Scanning (ms): Min: 0.0, Avg: 0.1, Max: 0.2, Diff: 0.2, Sum: 0.9]
      [Update RS (ms): Min: 0.0, Avg: 0.2, Max: 0.3, Diff: 0.3, Sum: 1.6]
         [Processed Buffers: Min: 0, Avg: 2.0, Max: 3, Diff: 3, Sum: 16]
      [Scan RS (ms): Min: 0.0, Avg: 0.0, Max: 0.1, Diff: 0.0, Sum: 0.1]
      [Code Root Scanning (ms): Min: 0.0, Avg: 0.0, Max: 0.0, Diff: 0.0, Sum: 0.0]
      [Object Copy (ms): Min: 11.2, Avg: 11.3, Max: 11.4, Diff: 0.1, Sum: 90.3]
      [Termination (ms): Min: 0.0, Avg: 0.1, Max: 0.1, Diff: 0.1, Sum: 0.6]
         [Termination Attempts: Min: 1, Avg: 1.0, Max: 1, Diff: 0, Sum: 8]
      [GC Worker Other (ms): Min: 0.0, Avg: 0.0, Max: 0.0, Diff: 0.0, Sum: 0.1]
      [GC Worker Total (ms): Min: 11.3, Avg: 11.7, Max: 11.8, Diff: 0.5, Sum: 93.6]
      [GC Worker End (ms): Min: 568.7, Avg: 568.7, Max: 568.7, Diff: 0.0]
   [Code Root Fixup: 0.0 ms]
   [Code Root Purge: 0.0 ms]
   [Clear CT: 0.1 ms]
   [Other: 1.0 ms]
      [Evacuation Failure: 0.5 ms]
      [Choose CSet: 0.0 ms]
      [Ref Proc: 0.2 ms]
      [Ref Enq: 0.0 ms]
      [Redirty Cards: 0.1 ms]
      [Humongous Register: 0.1 ms]
      [Humongous Reclaim: 0.1 ms]
      [Free CSet: 0.0 ms]
   [Eden: 152.0M(152.0M)->0.0B(3072.0K) Survivors: 24.0M->22.0M Heap: 417.3M(512.0M)->328.7M(512.0M)]
 [Times: user=0.02 sys=0.05, real=0.02 secs] 
2021-07-04T16:38:08.643-0800: 0.571: [GC pause (G1 Evacuation Pause) (mixed), 0.0041403 secs]
   [Parallel Time: 3.6 ms, GC Workers: 8]
      [GC Worker Start (ms): Min: 571.6, Avg: 571.6, Max: 571.7, Diff: 0.2]
      [Ext Root Scanning (ms): Min: 0.0, Avg: 0.1, Max: 0.2, Diff: 0.2, Sum: 0.8]
      [Update RS (ms): Min: 0.0, Avg: 0.0, Max: 0.1, Diff: 0.1, Sum: 0.3]
         [Processed Buffers: Min: 0, Avg: 1.2, Max: 3, Diff: 3, Sum: 10]
      [Scan RS (ms): Min: 0.0, Avg: 0.2, Max: 1.6, Diff: 1.6, Sum: 1.7]
      [Code Root Scanning (ms): Min: 0.0, Avg: 0.0, Max: 0.0, Diff: 0.0, Sum: 0.0]
      [Object Copy (ms): Min: 1.7, Avg: 3.0, Max: 3.3, Diff: 1.6, Sum: 24.1]
      [Termination (ms): Min: 0.0, Avg: 0.1, Max: 0.2, Diff: 0.2, Sum: 0.7]
         [Termination Attempts: Min: 1, Avg: 1.1, Max: 2, Diff: 1, Sum: 9]
      [GC Worker Other (ms): Min: 0.0, Avg: 0.0, Max: 0.0, Diff: 0.0, Sum: 0.1]
      [GC Worker Total (ms): Min: 3.4, Avg: 3.5, Max: 3.5, Diff: 0.2, Sum: 27.7]
      [GC Worker End (ms): Min: 575.1, Avg: 575.1, Max: 575.1, Diff: 0.0]
   [Code Root Fixup: 0.0 ms]
   [Code Root Purge: 0.0 ms]
   [Clear CT: 0.1 ms]
   [Other: 0.4 ms]
      [Choose CSet: 0.0 ms]
      [Ref Proc: 0.2 ms]
      [Ref Enq: 0.0 ms]
      [Redirty Cards: 0.1 ms]
      [Humongous Register: 0.0 ms]
      [Humongous Reclaim: 0.0 ms]
      [Free CSet: 0.0 ms]
   [Eden: 3072.0K(3072.0K)->0.0B(87.0M) Survivors: 22.0M->1024.0K Heap: 331.7M(512.0M)->310.5M(512.0M)]
 [Times: user=0.02 sys=0.00, real=0.00 secs] 
2021-07-04T16:38:08.648-0800: 0.576: [GC pause (G1 Humongous Allocation) (young) (initial-mark), 0.0009477 secs]
   [Parallel Time: 0.4 ms, GC Workers: 8]
      [GC Worker Start (ms): Min: 576.0, Avg: 576.0, Max: 576.1, Diff: 0.2]
      [Ext Root Scanning (ms): Min: 0.0, Avg: 0.2, Max: 0.3, Diff: 0.3, Sum: 1.3]
      [Update RS (ms): Min: 0.0, Avg: 0.1, Max: 0.1, Diff: 0.1, Sum: 0.4]
         [Processed Buffers: Min: 0, Avg: 1.1, Max: 3, Diff: 3, Sum: 9]
      [Scan RS (ms): Min: 0.0, Avg: 0.0, Max: 0.0, Diff: 0.0, Sum: 0.0]
      [Code Root Scanning (ms): Min: 0.0, Avg: 0.0, Max: 0.0, Diff: 0.0, Sum: 0.0]
      [Object Copy (ms): Min: 0.0, Avg: 0.0, Max: 0.1, Diff: 0.1, Sum: 0.1]
      [Termination (ms): Min: 0.0, Avg: 0.1, Max: 0.1, Diff: 0.1, Sum: 0.6]
         [Termination Attempts: Min: 1, Avg: 1.4, Max: 2, Diff: 1, Sum: 11]
      [GC Worker Other (ms): Min: 0.0, Avg: 0.0, Max: 0.0, Diff: 0.0, Sum: 0.1]
      [GC Worker Total (ms): Min: 0.2, Avg: 0.3, Max: 0.4, Diff: 0.2, Sum: 2.5]
      [GC Worker End (ms): Min: 576.3, Avg: 576.3, Max: 576.3, Diff: 0.0]
   [Code Root Fixup: 0.0 ms]
   [Code Root Purge: 0.0 ms]
   [Clear CT: 0.1 ms]
   [Other: 0.4 ms]
      [Choose CSet: 0.0 ms]
      [Ref Proc: 0.2 ms]
      [Ref Enq: 0.0 ms]
      [Redirty Cards: 0.2 ms]
      [Humongous Register: 0.0 ms]
      [Humongous Reclaim: 0.0 ms]
      [Free CSet: 0.0 ms]
   [Eden: 1024.0K(87.0M)->0.0B(90.0M) Survivors: 1024.0K->1024.0K Heap: 311.1M(512.0M)->310.4M(512.0M)]
 [Times: user=0.00 sys=0.00, real=0.00 secs] 
2021-07-04T16:38:08.649-0800: 0.577: [GC concurrent-root-region-scan-start]
2021-07-04T16:38:08.649-0800: 0.577: [GC concurrent-root-region-scan-end, 0.0000901 secs]
2021-07-04T16:38:08.649-0800: 0.577: [GC concurrent-mark-start]
2021-07-04T16:38:08.650-0800: 0.578: [GC concurrent-mark-end, 0.0013295 secs]
2021-07-04T16:38:08.650-0800: 0.578: [GC remark 2021-07-04T16:38:08.650-0800: 0.579: [Finalize Marking, 0.0002070 secs] 2021-07-04T16:38:08.650-0800: 0.579: [GC ref-proc, 0.0000491 secs] 2021-07-04T16:38:08.650-0800: 0.579: [Unloading, 0.0004967 secs], 0.0014448 secs]
 [Times: user=0.01 sys=0.00, real=0.00 secs] 
2021-07-04T16:38:08.652-0800: 0.580: [GC cleanup 316M->316M(512M), 0.0005120 secs]
 [Times: user=0.00 sys=0.00, real=0.00 secs] 
2021-07-04T16:38:08.652-0800: 0.581: [GC concurrent-cleanup-start]
2021-07-04T16:38:08.652-0800: 0.581: [GC concurrent-cleanup-end, 0.0000104 secs]
2021-07-04T16:38:08.688-0800: 0.616: [GC pause (G1 Evacuation Pause) (young), 0.0033068 secs]
   [Parallel Time: 2.7 ms, GC Workers: 8]
      [GC Worker Start (ms): Min: 616.4, Avg: 616.5, Max: 616.5, Diff: 0.1]
      [Ext Root Scanning (ms): Min: 0.0, Avg: 0.1, Max: 0.2, Diff: 0.1, Sum: 0.7]
      [Update RS (ms): Min: 0.3, Avg: 0.3, Max: 0.4, Diff: 0.1, Sum: 2.7]
         [Processed Buffers: Min: 2, Avg: 4.1, Max: 5, Diff: 3, Sum: 33]
      [Scan RS (ms): Min: 0.0, Avg: 0.0, Max: 0.0, Diff: 0.0, Sum: 0.1]
      [Code Root Scanning (ms): Min: 0.0, Avg: 0.0, Max: 0.0, Diff: 0.0, Sum: 0.0]
      [Object Copy (ms): Min: 2.0, Avg: 2.1, Max: 2.2, Diff: 0.1, Sum: 16.7]
      [Termination (ms): Min: 0.0, Avg: 0.1, Max: 0.1, Diff: 0.1, Sum: 0.5]
         [Termination Attempts: Min: 1, Avg: 1.8, Max: 3, Diff: 2, Sum: 14]
      [GC Worker Other (ms): Min: 0.0, Avg: 0.0, Max: 0.0, Diff: 0.0, Sum: 0.1]
      [GC Worker Total (ms): Min: 2.6, Avg: 2.6, Max: 2.7, Diff: 0.1, Sum: 20.8]
      [GC Worker End (ms): Min: 619.0, Avg: 619.1, Max: 619.1, Diff: 0.0]
   [Code Root Fixup: 0.0 ms]
   [Code Root Purge: 0.0 ms]
   [Clear CT: 0.1 ms]
   [Other: 0.5 ms]
      [Choose CSet: 0.0 ms]
      [Ref Proc: 0.2 ms]
      [Ref Enq: 0.0 ms]
      [Redirty Cards: 0.1 ms]
      [Humongous Register: 0.1 ms]
      [Humongous Reclaim: 0.0 ms]
      [Free CSet: 0.0 ms]
   [Eden: 90.0M(90.0M)->0.0B(13.0M) Survivors: 1024.0K->12.0M Heap: 421.0M(512.0M)->341.3M(512.0M)]
 [Times: user=0.01 sys=0.00, real=0.01 secs] 
2021-07-04T16:38:08.695-0800: 0.624: [GC pause (G1 Evacuation Pause) (mixed), 0.0029145 secs]
   [Parallel Time: 2.4 ms, GC Workers: 8]
      [GC Worker Start (ms): Min: 623.7, Avg: 623.7, Max: 623.8, Diff: 0.1]
      [Ext Root Scanning (ms): Min: 0.1, Avg: 0.1, Max: 0.3, Diff: 0.3, Sum: 1.1]
      [Update RS (ms): Min: 0.1, Avg: 0.4, Max: 0.6, Diff: 0.5, Sum: 2.9]
         [Processed Buffers: Min: 1, Avg: 2.9, Max: 4, Diff: 3, Sum: 23]
      [Scan RS (ms): Min: 0.0, Avg: 0.0, Max: 0.0, Diff: 0.0, Sum: 0.1]
      [Code Root Scanning (ms): Min: 0.0, Avg: 0.0, Max: 0.0, Diff: 0.0, Sum: 0.0]
      [Object Copy (ms): Min: 1.5, Avg: 1.7, Max: 1.8, Diff: 0.2, Sum: 13.4]
      [Termination (ms): Min: 0.0, Avg: 0.0, Max: 0.1, Diff: 0.1, Sum: 0.4]
         [Termination Attempts: Min: 1, Avg: 1.0, Max: 1, Diff: 0, Sum: 8]
      [GC Worker Other (ms): Min: 0.0, Avg: 0.0, Max: 0.0, Diff: 0.0, Sum: 0.1]
      [GC Worker Total (ms): Min: 2.2, Avg: 2.2, Max: 2.3, Diff: 0.1, Sum: 17.9]
      [GC Worker End (ms): Min: 626.0, Avg: 626.0, Max: 626.0, Diff: 0.0]
   [Code Root Fixup: 0.0 ms]
   [Code Root Purge: 0.0 ms]
   [Clear CT: 0.1 ms]
   [Other: 0.5 ms]
      [Choose CSet: 0.0 ms]
      [Ref Proc: 0.2 ms]
      [Ref Enq: 0.0 ms]
      [Redirty Cards: 0.1 ms]
      [Humongous Register: 0.1 ms]
      [Humongous Reclaim: 0.0 ms]
      [Free CSet: 0.1 ms]
   [Eden: 13.0M(13.0M)->0.0B(21.0M) Survivors: 12.0M->4096.0K Heap: 358.4M(512.0M)->300.2M(512.0M)]
 [Times: user=0.01 sys=0.01, real=0.00 secs] 
2021-07-04T16:38:08.708-0800: 0.636: [GC pause (G1 Evacuation Pause) (mixed), 0.0047552 secs]
   [Parallel Time: 4.0 ms, GC Workers: 8]
      [GC Worker Start (ms): Min: 636.5, Avg: 636.8, Max: 637.2, Diff: 0.7]
      [Ext Root Scanning (ms): Min: 0.0, Avg: 0.1, Max: 0.2, Diff: 0.2, Sum: 0.6]
      [Update RS (ms): Min: 0.0, Avg: 0.3, Max: 0.6, Diff: 0.6, Sum: 2.7]
         [Processed Buffers: Min: 0, Avg: 2.9, Max: 6, Diff: 6, Sum: 23]
      [Scan RS (ms): Min: 0.0, Avg: 0.0, Max: 0.0, Diff: 0.0, Sum: 0.2]
      [Code Root Scanning (ms): Min: 0.0, Avg: 0.0, Max: 0.0, Diff: 0.0, Sum: 0.0]
      [Object Copy (ms): Min: 3.0, Avg: 3.2, Max: 3.3, Diff: 0.3, Sum: 25.3]
      [Termination (ms): Min: 0.0, Avg: 0.1, Max: 0.2, Diff: 0.2, Sum: 0.7]
         [Termination Attempts: Min: 1, Avg: 1.1, Max: 2, Diff: 1, Sum: 9]
      [GC Worker Other (ms): Min: 0.0, Avg: 0.0, Max: 0.0, Diff: 0.0, Sum: 0.1]
      [GC Worker Total (ms): Min: 3.3, Avg: 3.7, Max: 4.0, Diff: 0.7, Sum: 29.5]
      [GC Worker End (ms): Min: 640.5, Avg: 640.5, Max: 640.5, Diff: 0.0]
   [Code Root Fixup: 0.0 ms]
   [Code Root Purge: 0.0 ms]
   [Clear CT: 0.1 ms]
   [Other: 0.6 ms]
      [Choose CSet: 0.0 ms]
      [Ref Proc: 0.3 ms]
      [Ref Enq: 0.0 ms]
      [Redirty Cards: 0.1 ms]
      [Humongous Register: 0.1 ms]
      [Humongous Reclaim: 0.0 ms]
      [Free CSet: 0.1 ms]
   [Eden: 21.0M(21.0M)->0.0B(21.0M) Survivors: 4096.0K->4096.0K Heap: 331.0M(512.0M)->283.2M(512.0M)]
 [Times: user=0.02 sys=0.00, real=0.01 secs] 
2021-07-04T16:38:08.720-0800: 0.649: [GC pause (G1 Evacuation Pause) (mixed), 0.0024375 secs]
   [Parallel Time: 1.9 ms, GC Workers: 8]
      [GC Worker Start (ms): Min: 648.9, Avg: 649.0, Max: 649.0, Diff: 0.1]
      [Ext Root Scanning (ms): Min: 0.1, Avg: 0.1, Max: 0.1, Diff: 0.1, Sum: 0.9]
      [Update RS (ms): Min: 0.2, Avg: 0.2, Max: 0.3, Diff: 0.1, Sum: 1.9]
         [Processed Buffers: Min: 1, Avg: 2.5, Max: 3, Diff: 2, Sum: 20]
      [Scan RS (ms): Min: 0.0, Avg: 0.0, Max: 0.0, Diff: 0.0, Sum: 0.1]
      [Code Root Scanning (ms): Min: 0.0, Avg: 0.0, Max: 0.0, Diff: 0.0, Sum: 0.0]
      [Object Copy (ms): Min: 1.2, Avg: 1.3, Max: 1.4, Diff: 0.1, Sum: 10.2]
      [Termination (ms): Min: 0.0, Avg: 0.1, Max: 0.2, Diff: 0.2, Sum: 0.9]
         [Termination Attempts: Min: 1, Avg: 1.0, Max: 1, Diff: 0, Sum: 8]
      [GC Worker Other (ms): Min: 0.0, Avg: 0.0, Max: 0.0, Diff: 0.0, Sum: 0.1]
      [GC Worker Total (ms): Min: 1.7, Avg: 1.8, Max: 1.8, Diff: 0.1, Sum: 14.0]
      [GC Worker End (ms): Min: 650.7, Avg: 650.7, Max: 650.7, Diff: 0.0]
   [Code Root Fixup: 0.0 ms]
   [Code Root Purge: 0.0 ms]
   [Clear CT: 0.1 ms]
   [Other: 0.5 ms]
      [Choose CSet: 0.0 ms]
      [Ref Proc: 0.2 ms]
      [Ref Enq: 0.0 ms]
      [Redirty Cards: 0.1 ms]
      [Humongous Register: 0.1 ms]
      [Humongous Reclaim: 0.0 ms]
      [Free CSet: 0.0 ms]
   [Eden: 21.0M(21.0M)->0.0B(103.0M) Survivors: 4096.0K->4096.0K Heap: 309.6M(512.0M)->284.9M(512.0M)]
 [Times: user=0.01 sys=0.00, real=0.00 secs] 
2021-07-04T16:38:08.724-0800: 0.652: [GC pause (G1 Humongous Allocation) (young) (initial-mark), 0.0010484 secs]
   [Parallel Time: 0.5 ms, GC Workers: 8]
      [GC Worker Start (ms): Min: 652.5, Avg: 652.6, Max: 652.7, Diff: 0.2]
      [Ext Root Scanning (ms): Min: 0.0, Avg: 0.2, Max: 0.2, Diff: 0.2, Sum: 1.3]
      [Update RS (ms): Min: 0.0, Avg: 0.0, Max: 0.1, Diff: 0.1, Sum: 0.4]
         [Processed Buffers: Min: 0, Avg: 1.1, Max: 2, Diff: 2, Sum: 9]
      [Scan RS (ms): Min: 0.0, Avg: 0.0, Max: 0.0, Diff: 0.0, Sum: 0.0]
      [Code Root Scanning (ms): Min: 0.0, Avg: 0.0, Max: 0.0, Diff: 0.0, Sum: 0.0]
      [Object Copy (ms): Min: 0.1, Avg: 0.2, Max: 0.2, Diff: 0.1, Sum: 1.2]
      [Termination (ms): Min: 0.0, Avg: 0.0, Max: 0.1, Diff: 0.1, Sum: 0.4]
         [Termination Attempts: Min: 1, Avg: 1.0, Max: 1, Diff: 0, Sum: 8]
      [GC Worker Other (ms): Min: 0.0, Avg: 0.0, Max: 0.0, Diff: 0.0, Sum: 0.1]
      [GC Worker Total (ms): Min: 0.3, Avg: 0.4, Max: 0.5, Diff: 0.2, Sum: 3.3]
      [GC Worker End (ms): Min: 653.0, Avg: 653.0, Max: 653.0, Diff: 0.0]
   [Code Root Fixup: 0.0 ms]
   [Code Root Purge: 0.0 ms]
   [Clear CT: 0.1 ms]
   [Other: 0.4 ms]
      [Choose CSet: 0.0 ms]
      [Ref Proc: 0.2 ms]
      [Ref Enq: 0.0 ms]
      [Redirty Cards: 0.1 ms]
      [Humongous Register: 0.0 ms]
      [Humongous Reclaim: 0.0 ms]
      [Free CSet: 0.0 ms]
   [Eden: 2048.0K(103.0M)->0.0B(103.0M) Survivors: 4096.0K->5120.0K Heap: 286.8M(512.0M)->284.3M(512.0M)]
 [Times: user=0.01 sys=0.00, real=0.00 secs] 
2021-07-04T16:38:08.725-0800: 0.654: [GC concurrent-root-region-scan-start]
2021-07-04T16:38:08.725-0800: 0.654: [GC concurrent-root-region-scan-end, 0.0000799 secs]
2021-07-04T16:38:08.725-0800: 0.654: [GC concurrent-mark-start]
2021-07-04T16:38:08.726-0800: 0.654: [GC concurrent-mark-end, 0.0008191 secs]
2021-07-04T16:38:08.726-0800: 0.655: [GC remark 2021-07-04T16:38:08.726-0800: 0.655: [Finalize Marking, 0.0001612 secs] 2021-07-04T16:38:08.726-0800: 0.655: [GC ref-proc, 0.0000481 secs] 2021-07-04T16:38:08.726-0800: 0.655: [Unloading, 0.0004459 secs], 0.0012611 secs]
 [Times: user=0.00 sys=0.00, real=0.00 secs] 
2021-07-04T16:38:08.728-0800: 0.656: [GC cleanup 288M->288M(512M), 0.0005973 secs]
 [Times: user=0.01 sys=0.00, real=0.00 secs] 
2021-07-04T16:38:08.768-0800: 0.696: [GC pause (G1 Evacuation Pause) (young) (to-space exhausted), 0.0041871 secs]
   [Parallel Time: 3.4 ms, GC Workers: 8]
      [GC Worker Start (ms): Min: 696.0, Avg: 696.1, Max: 696.1, Diff: 0.1]
      [Ext Root Scanning (ms): Min: 0.1, Avg: 0.2, Max: 0.9, Diff: 0.8, Sum: 1.7]
      [Update RS (ms): Min: 0.0, Avg: 0.4, Max: 0.9, Diff: 0.9, Sum: 3.3]
         [Processed Buffers: Min: 0, Avg: 3.2, Max: 5, Diff: 5, Sum: 26]
      [Scan RS (ms): Min: 0.0, Avg: 0.0, Max: 0.0, Diff: 0.0, Sum: 0.1]
      [Code Root Scanning (ms): Min: 0.0, Avg: 0.0, Max: 0.0, Diff: 0.0, Sum: 0.0]
      [Object Copy (ms): Min: 2.3, Avg: 2.6, Max: 2.8, Diff: 0.5, Sum: 21.0]
      [Termination (ms): Min: 0.0, Avg: 0.0, Max: 0.1, Diff: 0.1, Sum: 0.2]
         [Termination Attempts: Min: 1, Avg: 1.0, Max: 1, Diff: 0, Sum: 8]
      [GC Worker Other (ms): Min: 0.0, Avg: 0.0, Max: 0.0, Diff: 0.0, Sum: 0.1]
      [GC Worker Total (ms): Min: 3.3, Avg: 3.3, Max: 3.4, Diff: 0.1, Sum: 26.4]
      [GC Worker End (ms): Min: 699.4, Avg: 699.4, Max: 699.4, Diff: 0.0]
   [Code Root Fixup: 0.0 ms]
   [Code Root Purge: 0.0 ms]
   [Clear CT: 0.1 ms]
   [Other: 0.7 ms]
      [Evacuation Failure: 0.2 ms]
      [Choose CSet: 0.0 ms]
      [Ref Proc: 0.2 ms]
      [Ref Enq: 0.0 ms]
      [Redirty Cards: 0.1 ms]
      [Humongous Register: 0.1 ms]
      [Humongous Reclaim: 0.0 ms]
      [Free CSet: 0.0 ms]
   [Eden: 103.0M(103.0M)->0.0B(11.0M) Survivors: 5120.0K->14.0M Heap: 422.0M(512.0M)->353.3M(512.0M)]
 [Times: user=0.02 sys=0.01, real=0.01 secs] 
2021-07-04T16:38:08.775-0800: 0.704: [GC pause (G1 Evacuation Pause) (mixed), 0.0050238 secs]
   [Parallel Time: 4.3 ms, GC Workers: 8]
      [GC Worker Start (ms): Min: 703.9, Avg: 704.0, Max: 704.0, Diff: 0.1]
      [Ext Root Scanning (ms): Min: 0.0, Avg: 0.1, Max: 0.2, Diff: 0.1, Sum: 0.7]
      [Update RS (ms): Min: 0.4, Avg: 0.4, Max: 0.4, Diff: 0.1, Sum: 3.1]
         [Processed Buffers: Min: 2, Avg: 4.8, Max: 6, Diff: 4, Sum: 38]
      [Scan RS (ms): Min: 0.0, Avg: 0.1, Max: 0.1, Diff: 0.1, Sum: 0.4]
      [Code Root Scanning (ms): Min: 0.0, Avg: 0.0, Max: 0.0, Diff: 0.0, Sum: 0.0]
      [Object Copy (ms): Min: 3.4, Avg: 3.5, Max: 3.6, Diff: 0.1, Sum: 28.0]
      [Termination (ms): Min: 0.0, Avg: 0.1, Max: 0.2, Diff: 0.2, Sum: 0.9]
         [Termination Attempts: Min: 1, Avg: 1.1, Max: 2, Diff: 1, Sum: 9]
      [GC Worker Other (ms): Min: 0.0, Avg: 0.0, Max: 0.0, Diff: 0.0, Sum: 0.1]
      [GC Worker Total (ms): Min: 4.1, Avg: 4.1, Max: 4.2, Diff: 0.1, Sum: 33.2]
      [GC Worker End (ms): Min: 708.1, Avg: 708.1, Max: 708.1, Diff: 0.0]
   [Code Root Fixup: 0.0 ms]
   [Code Root Purge: 0.0 ms]
   [Clear CT: 0.1 ms]
   [Other: 0.6 ms]
      [Choose CSet: 0.0 ms]
      [Ref Proc: 0.3 ms]
      [Ref Enq: 0.0 ms]
      [Redirty Cards: 0.1 ms]
      [Humongous Register: 0.1 ms]
      [Humongous Reclaim: 0.0 ms]
      [Free CSet: 0.1 ms]
   [Eden: 11.0M(11.0M)->0.0B(64.0M) Survivors: 14.0M->4096.0K Heap: 370.9M(512.0M)->328.0M(512.0M)]
 [Times: user=0.02 sys=0.00, real=0.01 secs] 
2021-07-04T16:38:08.784-0800: 0.712: [GC pause (G1 Humongous Allocation) (young) (initial-mark), 0.0013876 secs]
   [Parallel Time: 0.8 ms, GC Workers: 8]
      [GC Worker Start (ms): Min: 712.1, Avg: 712.1, Max: 712.1, Diff: 0.1]
      [Ext Root Scanning (ms): Min: 0.1, Avg: 0.1, Max: 0.2, Diff: 0.1, Sum: 0.9]
      [Update RS (ms): Min: 0.0, Avg: 0.2, Max: 0.4, Diff: 0.4, Sum: 1.4]
         [Processed Buffers: Min: 1, Avg: 1.1, Max: 2, Diff: 1, Sum: 9]
      [Scan RS (ms): Min: 0.0, Avg: 0.0, Max: 0.0, Diff: 0.0, Sum: 0.0]
      [Code Root Scanning (ms): Min: 0.0, Avg: 0.0, Max: 0.0, Diff: 0.0, Sum: 0.0]
      [Object Copy (ms): Min: 0.1, Avg: 0.3, Max: 0.5, Diff: 0.4, Sum: 2.7]
      [Termination (ms): Min: 0.0, Avg: 0.1, Max: 0.1, Diff: 0.1, Sum: 0.7]
         [Termination Attempts: Min: 1, Avg: 1.0, Max: 1, Diff: 0, Sum: 8]
      [GC Worker Other (ms): Min: 0.0, Avg: 0.0, Max: 0.0, Diff: 0.0, Sum: 0.1]
      [GC Worker Total (ms): Min: 0.7, Avg: 0.7, Max: 0.8, Diff: 0.1, Sum: 5.7]
      [GC Worker End (ms): Min: 712.8, Avg: 712.8, Max: 712.8, Diff: 0.0]
   [Code Root Fixup: 0.0 ms]
   [Code Root Purge: 0.0 ms]
   [Clear CT: 0.1 ms]
   [Other: 0.5 ms]
      [Choose CSet: 0.0 ms]
      [Ref Proc: 0.1 ms]
      [Ref Enq: 0.0 ms]
      [Redirty Cards: 0.1 ms]
      [Humongous Register: 0.1 ms]
      [Humongous Reclaim: 0.0 ms]
      [Free CSet: 0.0 ms]
   [Eden: 11.0M(64.0M)->0.0B(58.0M) Survivors: 4096.0K->8192.0K Heap: 338.2M(512.0M)->330.2M(512.0M)]
 [Times: user=0.01 sys=0.00, real=0.00 secs] 
2021-07-04T16:38:08.785-0800: 0.713: [GC concurrent-root-region-scan-start]
2021-07-04T16:38:08.785-0800: 0.714: [GC concurrent-root-region-scan-end, 0.0000744 secs]
2021-07-04T16:38:08.785-0800: 0.714: [GC concurrent-mark-start]
2021-07-04T16:38:08.786-0800: 0.714: [GC concurrent-mark-end, 0.0009232 secs]
2021-07-04T16:38:08.786-0800: 0.715: [GC remark 2021-07-04T16:38:08.786-0800: 0.715: [Finalize Marking, 0.0001952 secs] 2021-07-04T16:38:08.786-0800: 0.715: [GC ref-proc, 0.0000450 secs] 2021-07-04T16:38:08.786-0800: 0.715: [Unloading, 0.0004292 secs], 0.0015765 secs]
 [Times: user=0.01 sys=0.00, real=0.00 secs] 
2021-07-04T16:38:08.788-0800: 0.716: [GC cleanup 332M->329M(512M), 0.0005750 secs]
 [Times: user=0.00 sys=0.00, real=0.00 secs] 
2021-07-04T16:38:08.789-0800: 0.717: [GC concurrent-cleanup-start]
2021-07-04T16:38:08.789-0800: 0.717: [GC concurrent-cleanup-end, 0.0000112 secs]
2021-07-04T16:38:08.813-0800: 0.741: [GC pause (G1 Evacuation Pause) (young), 0.0042684 secs]
   [Parallel Time: 3.6 ms, GC Workers: 8]
      [GC Worker Start (ms): Min: 741.2, Avg: 741.8, Max: 744.2, Diff: 3.0]
      [Ext Root Scanning (ms): Min: 0.0, Avg: 0.1, Max: 0.2, Diff: 0.2, Sum: 0.6]
      [Update RS (ms): Min: 0.0, Avg: 0.6, Max: 2.3, Diff: 2.3, Sum: 4.7]
         [Processed Buffers: Min: 0, Avg: 3.8, Max: 7, Diff: 7, Sum: 30]
      [Scan RS (ms): Min: 0.0, Avg: 0.0, Max: 0.0, Diff: 0.0, Sum: 0.1]
      [Code Root Scanning (ms): Min: 0.0, Avg: 0.0, Max: 0.0, Diff: 0.0, Sum: 0.0]
      [Object Copy (ms): Min: 0.2, Avg: 2.1, Max: 2.8, Diff: 2.6, Sum: 17.0]
      [Termination (ms): Min: 0.0, Avg: 0.2, Max: 0.4, Diff: 0.4, Sum: 1.5]
         [Termination Attempts: Min: 1, Avg: 1.1, Max: 2, Diff: 1, Sum: 9]
      [GC Worker Other (ms): Min: 0.0, Avg: 0.0, Max: 0.0, Diff: 0.0, Sum: 0.1]
      [GC Worker Total (ms): Min: 0.6, Avg: 3.0, Max: 3.6, Diff: 3.0, Sum: 24.0]
      [GC Worker End (ms): Min: 744.8, Avg: 744.8, Max: 744.8, Diff: 0.0]
   [Code Root Fixup: 0.0 ms]
   [Code Root Purge: 0.0 ms]
   [Clear CT: 0.1 ms]
   [Other: 0.5 ms]
      [Choose CSet: 0.0 ms]
      [Ref Proc: 0.2 ms]
      [Ref Enq: 0.0 ms]
      [Redirty Cards: 0.1 ms]
      [Humongous Register: 0.1 ms]
      [Humongous Reclaim: 0.0 ms]
      [Free CSet: 0.0 ms]
   [Eden: 58.0M(58.0M)->0.0B(16.0M) Survivors: 8192.0K->9216.0K Heap: 402.2M(512.0M)->353.3M(512.0M)]
 [Times: user=0.02 sys=0.01, real=0.00 secs] 
2021-07-04T16:38:08.825-0800: 0.754: [GC pause (G1 Evacuation Pause) (mixed), 0.0048633 secs]
   [Parallel Time: 4.2 ms, GC Workers: 8]
      [GC Worker Start (ms): Min: 753.8, Avg: 753.9, Max: 754.4, Diff: 0.6]
      [Ext Root Scanning (ms): Min: 0.0, Avg: 0.2, Max: 0.6, Diff: 0.6, Sum: 1.3]
      [Update RS (ms): Min: 0.0, Avg: 0.3, Max: 0.4, Diff: 0.4, Sum: 2.5]
         [Processed Buffers: Min: 0, Avg: 4.5, Max: 7, Diff: 7, Sum: 36]
      [Scan RS (ms): Min: 0.0, Avg: 0.0, Max: 0.0, Diff: 0.0, Sum: 0.2]
      [Code Root Scanning (ms): Min: 0.0, Avg: 0.0, Max: 0.0, Diff: 0.0, Sum: 0.0]
      [Object Copy (ms): Min: 3.3, Avg: 3.4, Max: 3.5, Diff: 0.2, Sum: 27.0]
      [Termination (ms): Min: 0.0, Avg: 0.1, Max: 0.2, Diff: 0.2, Sum: 0.9]
         [Termination Attempts: Min: 1, Avg: 1.0, Max: 1, Diff: 0, Sum: 8]
      [GC Worker Other (ms): Min: 0.0, Avg: 0.0, Max: 0.0, Diff: 0.0, Sum: 0.1]
      [GC Worker Total (ms): Min: 3.5, Avg: 4.0, Max: 4.1, Diff: 0.6, Sum: 32.0]
      [GC Worker End (ms): Min: 757.9, Avg: 757.9, Max: 757.9, Diff: 0.0]
   [Code Root Fixup: 0.0 ms]
   [Code Root Purge: 0.0 ms]
   [Clear CT: 0.1 ms]
   [Other: 0.5 ms]
      [Choose CSet: 0.0 ms]
      [Ref Proc: 0.2 ms]
      [Ref Enq: 0.0 ms]
      [Redirty Cards: 0.1 ms]
      [Humongous Register: 0.1 ms]
      [Humongous Reclaim: 0.0 ms]
      [Free CSet: 0.1 ms]
   [Eden: 16.0M(16.0M)->0.0B(21.0M) Survivors: 9216.0K->4096.0K Heap: 372.7M(512.0M)->322.5M(512.0M)]
 [Times: user=0.03 sys=0.00, real=0.01 secs] 
2021-07-04T16:38:08.837-0800: 0.765: [GC pause (G1 Evacuation Pause) (mixed), 0.0029690 secs]
   [Parallel Time: 2.4 ms, GC Workers: 8]
      [GC Worker Start (ms): Min: 765.3, Avg: 765.4, Max: 765.4, Diff: 0.1]
      [Ext Root Scanning (ms): Min: 0.0, Avg: 0.1, Max: 0.2, Diff: 0.1, Sum: 0.8]
      [Update RS (ms): Min: 0.3, Avg: 0.4, Max: 0.6, Diff: 0.3, Sum: 3.0]
         [Processed Buffers: Min: 0, Avg: 4.4, Max: 6, Diff: 6, Sum: 35]
      [Scan RS (ms): Min: 0.0, Avg: 0.0, Max: 0.1, Diff: 0.1, Sum: 0.2]
      [Code Root Scanning (ms): Min: 0.0, Avg: 0.0, Max: 0.0, Diff: 0.0, Sum: 0.0]
      [Object Copy (ms): Min: 1.5, Avg: 1.7, Max: 1.8, Diff: 0.3, Sum: 13.4]
      [Termination (ms): Min: 0.0, Avg: 0.1, Max: 0.2, Diff: 0.2, Sum: 0.8]
         [Termination Attempts: Min: 1, Avg: 1.0, Max: 1, Diff: 0, Sum: 8]
      [GC Worker Other (ms): Min: 0.0, Avg: 0.0, Max: 0.0, Diff: 0.0, Sum: 0.1]
      [GC Worker Total (ms): Min: 2.2, Avg: 2.3, Max: 2.4, Diff: 0.1, Sum: 18.2]
      [GC Worker End (ms): Min: 767.6, Avg: 767.7, Max: 767.7, Diff: 0.0]
   [Code Root Fixup: 0.0 ms]
   [Code Root Purge: 0.0 ms]
   [Clear CT: 0.1 ms]
   [Other: 0.4 ms]
      [Choose CSet: 0.0 ms]
      [Ref Proc: 0.2 ms]
      [Ref Enq: 0.0 ms]
      [Redirty Cards: 0.1 ms]
      [Humongous Register: 0.1 ms]
      [Humongous Reclaim: 0.0 ms]
      [Free CSet: 0.0 ms]
   [Eden: 21.0M(21.0M)->0.0B(62.0M) Survivors: 4096.0K->4096.0K Heap: 346.7M(512.0M)->322.2M(512.0M)]
 [Times: user=0.01 sys=0.00, real=0.01 secs] 
2021-07-04T16:38:08.841-0800: 0.769: [GC pause (G1 Humongous Allocation) (young) (initial-mark), 0.0011690 secs]
   [Parallel Time: 0.5 ms, GC Workers: 8]
      [GC Worker Start (ms): Min: 769.1, Avg: 769.2, Max: 769.2, Diff: 0.1]
      [Ext Root Scanning (ms): Min: 0.1, Avg: 0.1, Max: 0.2, Diff: 0.1, Sum: 0.8]
      [Update RS (ms): Min: 0.0, Avg: 0.0, Max: 0.1, Diff: 0.1, Sum: 0.4]
         [Processed Buffers: Min: 0, Avg: 1.1, Max: 2, Diff: 2, Sum: 9]
      [Scan RS (ms): Min: 0.0, Avg: 0.0, Max: 0.0, Diff: 0.0, Sum: 0.0]
      [Code Root Scanning (ms): Min: 0.0, Avg: 0.0, Max: 0.0, Diff: 0.0, Sum: 0.0]
      [Object Copy (ms): Min: 0.1, Avg: 0.2, Max: 0.3, Diff: 0.2, Sum: 1.4]
      [Termination (ms): Min: 0.0, Avg: 0.1, Max: 0.1, Diff: 0.1, Sum: 0.6]
         [Termination Attempts: Min: 1, Avg: 1.0, Max: 1, Diff: 0, Sum: 8]
      [GC Worker Other (ms): Min: 0.0, Avg: 0.0, Max: 0.0, Diff: 0.0, Sum: 0.1]
      [GC Worker Total (ms): Min: 0.4, Avg: 0.4, Max: 0.5, Diff: 0.1, Sum: 3.2]
      [GC Worker End (ms): Min: 769.6, Avg: 769.6, Max: 769.6, Diff: 0.0]
   [Code Root Fixup: 0.0 ms]
   [Code Root Purge: 0.0 ms]
   [Clear CT: 0.1 ms]
   [Other: 0.5 ms]
      [Choose CSet: 0.0 ms]
      [Ref Proc: 0.2 ms]
      [Ref Enq: 0.0 ms]
      [Redirty Cards: 0.2 ms]
      [Humongous Register: 0.1 ms]
      [Humongous Reclaim: 0.0 ms]
      [Free CSet: 0.0 ms]
   [Eden: 2048.0K(62.0M)->0.0B(64.0M) Survivors: 4096.0K->5120.0K Heap: 323.8M(512.0M)->322.4M(512.0M)]
 [Times: user=0.01 sys=0.00, real=0.00 secs] 
2021-07-04T16:38:08.842-0800: 0.770: [GC concurrent-root-region-scan-start]
2021-07-04T16:38:08.842-0800: 0.770: [GC concurrent-root-region-scan-end, 0.0000863 secs]
2021-07-04T16:38:08.842-0800: 0.770: [GC concurrent-mark-start]
2021-07-04T16:38:08.843-0800: 0.772: [GC concurrent-mark-end, 0.0011458 secs]
2021-07-04T16:38:08.843-0800: 0.772: [GC remark 2021-07-04T16:38:08.843-0800: 0.772: [Finalize Marking, 0.0002223 secs] 2021-07-04T16:38:08.844-0800: 0.772: [GC ref-proc, 0.0000444 secs] 2021-07-04T16:38:08.844-0800: 0.772: [Unloading, 0.0004949 secs], 0.0015805 secs]
 [Times: user=0.01 sys=0.00, real=0.00 secs] 
2021-07-04T16:38:08.845-0800: 0.773: [GC cleanup 329M->329M(512M), 0.0006932 secs]
 [Times: user=0.00 sys=0.00, real=0.00 secs] 
2021-07-04T16:38:08.867-0800: 0.796: [GC pause (G1 Evacuation Pause) (young), 0.0038869 secs]
   [Parallel Time: 3.3 ms, GC Workers: 8]
      [GC Worker Start (ms): Min: 795.7, Avg: 795.8, Max: 795.8, Diff: 0.1]
      [Ext Root Scanning (ms): Min: 0.1, Avg: 0.3, Max: 1.3, Diff: 1.2, Sum: 2.1]
      [Update RS (ms): Min: 0.0, Avg: 0.4, Max: 0.4, Diff: 0.4, Sum: 3.0]
         [Processed Buffers: Min: 0, Avg: 4.1, Max: 6, Diff: 6, Sum: 33]
      [Scan RS (ms): Min: 0.0, Avg: 0.0, Max: 0.0, Diff: 0.0, Sum: 0.1]
      [Code Root Scanning (ms): Min: 0.0, Avg: 0.0, Max: 0.0, Diff: 0.0, Sum: 0.0]
      [Object Copy (ms): Min: 1.9, Avg: 2.4, Max: 2.6, Diff: 0.7, Sum: 19.2]
      [Termination (ms): Min: 0.0, Avg: 0.2, Max: 0.2, Diff: 0.2, Sum: 1.3]
         [Termination Attempts: Min: 1, Avg: 1.8, Max: 3, Diff: 2, Sum: 14]
      [GC Worker Other (ms): Min: 0.0, Avg: 0.0, Max: 0.0, Diff: 0.0, Sum: 0.1]
      [GC Worker Total (ms): Min: 3.2, Avg: 3.2, Max: 3.3, Diff: 0.1, Sum: 25.7]
      [GC Worker End (ms): Min: 799.0, Avg: 799.0, Max: 799.0, Diff: 0.0]
   [Code Root Fixup: 0.0 ms]
   [Code Root Purge: 0.0 ms]
   [Clear CT: 0.1 ms]
   [Other: 0.5 ms]
      [Choose CSet: 0.0 ms]
      [Ref Proc: 0.1 ms]
      [Ref Enq: 0.0 ms]
      [Redirty Cards: 0.1 ms]
      [Humongous Register: 0.1 ms]
      [Humongous Reclaim: 0.0 ms]
      [Free CSet: 0.0 ms]
   [Eden: 64.0M(64.0M)->0.0B(16.0M) Survivors: 5120.0K->9216.0K Heap: 411.2M(512.0M)->350.8M(512.0M)]
 [Times: user=0.02 sys=0.00, real=0.01 secs] 
2021-07-04T16:38:08.877-0800: 0.806: [GC pause (G1 Evacuation Pause) (mixed), 0.0062876 secs]
   [Parallel Time: 5.5 ms, GC Workers: 8]
      [GC Worker Start (ms): Min: 805.8, Avg: 805.8, Max: 805.9, Diff: 0.1]
      [Ext Root Scanning (ms): Min: 0.1, Avg: 0.2, Max: 0.6, Diff: 0.6, Sum: 1.3]
      [Update RS (ms): Min: 0.0, Avg: 0.4, Max: 0.5, Diff: 0.5, Sum: 3.6]
         [Processed Buffers: Min: 0, Avg: 5.4, Max: 7, Diff: 7, Sum: 43]
      [Scan RS (ms): Min: 0.0, Avg: 0.0, Max: 0.0, Diff: 0.0, Sum: 0.2]
      [Code Root Scanning (ms): Min: 0.0, Avg: 0.0, Max: 0.0, Diff: 0.0, Sum: 0.0]
      [Object Copy (ms): Min: 4.6, Avg: 4.7, Max: 4.7, Diff: 0.1, Sum: 37.4]
      [Termination (ms): Min: 0.0, Avg: 0.1, Max: 0.1, Diff: 0.1, Sum: 0.5]
         [Termination Attempts: Min: 1, Avg: 1.0, Max: 1, Diff: 0, Sum: 8]
      [GC Worker Other (ms): Min: 0.0, Avg: 0.0, Max: 0.0, Diff: 0.0, Sum: 0.1]
      [GC Worker Total (ms): Min: 5.4, Avg: 5.4, Max: 5.4, Diff: 0.1, Sum: 43.1]
      [GC Worker End (ms): Min: 811.2, Avg: 811.2, Max: 811.3, Diff: 0.0]
   [Code Root Fixup: 0.0 ms]
   [Code Root Purge: 0.0 ms]
   [Clear CT: 0.2 ms]
   [Other: 0.6 ms]
      [Choose CSet: 0.0 ms]
      [Ref Proc: 0.3 ms]
      [Ref Enq: 0.0 ms]
      [Redirty Cards: 0.1 ms]
      [Humongous Register: 0.1 ms]
      [Humongous Reclaim: 0.0 ms]
      [Free CSet: 0.1 ms]
   [Eden: 16.0M(16.0M)->0.0B(50.0M) Survivors: 9216.0K->4096.0K Heap: 373.6M(512.0M)->336.0M(512.0M)]
 [Times: user=0.02 sys=0.01, real=0.01 secs] 
2021-07-04T16:38:08.885-0800: 0.813: [GC pause (G1 Humongous Allocation) (young) (initial-mark), 0.0011358 secs]
   [Parallel Time: 0.7 ms, GC Workers: 8]
      [GC Worker Start (ms): Min: 813.1, Avg: 813.2, Max: 813.3, Diff: 0.2]
      [Ext Root Scanning (ms): Min: 0.0, Avg: 0.2, Max: 0.5, Diff: 0.5, Sum: 1.8]
      [Update RS (ms): Min: 0.0, Avg: 0.1, Max: 0.2, Diff: 0.2, Sum: 0.6]
         [Processed Buffers: Min: 0, Avg: 1.1, Max: 2, Diff: 2, Sum: 9]
      [Scan RS (ms): Min: 0.0, Avg: 0.0, Max: 0.0, Diff: 0.0, Sum: 0.0]
      [Code Root Scanning (ms): Min: 0.0, Avg: 0.0, Max: 0.0, Diff: 0.0, Sum: 0.0]
      [Object Copy (ms): Min: 0.0, Avg: 0.2, Max: 0.3, Diff: 0.3, Sum: 1.2]
      [Termination (ms): Min: 0.0, Avg: 0.1, Max: 0.1, Diff: 0.1, Sum: 0.4]
         [Termination Attempts: Min: 1, Avg: 1.0, Max: 1, Diff: 0, Sum: 8]
      [GC Worker Other (ms): Min: 0.0, Avg: 0.0, Max: 0.0, Diff: 0.0, Sum: 0.1]
      [GC Worker Total (ms): Min: 0.4, Avg: 0.5, Max: 0.6, Diff: 0.2, Sum: 4.1]
      [GC Worker End (ms): Min: 813.7, Avg: 813.7, Max: 813.7, Diff: 0.0]
   [Code Root Fixup: 0.0 ms]
   [Code Root Purge: 0.0 ms]
   [Clear CT: 0.1 ms]
   [Other: 0.4 ms]
      [Choose CSet: 0.0 ms]
      [Ref Proc: 0.1 ms]
      [Ref Enq: 0.0 ms]
      [Redirty Cards: 0.1 ms]
      [Humongous Register: 0.1 ms]
      [Humongous Reclaim: 0.0 ms]
      [Free CSet: 0.0 ms]
   [Eden: 3072.0K(50.0M)->0.0B(50.0M) Survivors: 4096.0K->5120.0K Heap: 338.6M(512.0M)->336.7M(512.0M)]
 [Times: user=0.00 sys=0.00, real=0.00 secs] 
2021-07-04T16:38:08.886-0800: 0.814: [GC concurrent-root-region-scan-start]
2021-07-04T16:38:08.886-0800: 0.814: [GC concurrent-root-region-scan-end, 0.0001234 secs]
2021-07-04T16:38:08.886-0800: 0.814: [GC concurrent-mark-start]
2021-07-04T16:38:08.887-0800: 0.816: [GC concurrent-mark-end, 0.0011831 secs]
2021-07-04T16:38:08.887-0800: 0.816: [GC remark 2021-07-04T16:38:08.887-0800: 0.816: [Finalize Marking, 0.0001512 secs] 2021-07-04T16:38:08.888-0800: 0.816: [GC ref-proc, 0.0000441 secs] 2021-07-04T16:38:08.888-0800: 0.816: [Unloading, 0.0004230 secs], 0.0013228 secs]
 [Times: user=0.01 sys=0.00, real=0.00 secs] 
2021-07-04T16:38:08.889-0800: 0.817: [GC cleanup 342M->342M(512M), 0.0006131 secs]
 [Times: user=0.00 sys=0.00, real=0.00 secs] 
2021-07-04T16:38:08.906-0800: 0.834: [GC pause (G1 Evacuation Pause) (young), 0.0033882 secs]
   [Parallel Time: 2.7 ms, GC Workers: 8]
      [GC Worker Start (ms): Min: 834.4, Avg: 834.4, Max: 834.5, Diff: 0.1]
      [Ext Root Scanning (ms): Min: 0.1, Avg: 0.2, Max: 0.7, Diff: 0.7, Sum: 1.5]
      [Update RS (ms): Min: 0.0, Avg: 0.5, Max: 0.6, Diff: 0.6, Sum: 4.1]
         [Processed Buffers: Min: 0, Avg: 5.6, Max: 7, Diff: 7, Sum: 45]
      [Scan RS (ms): Min: 0.0, Avg: 0.0, Max: 0.0, Diff: 0.0, Sum: 0.0]
      [Code Root Scanning (ms): Min: 0.0, Avg: 0.0, Max: 0.0, Diff: 0.0, Sum: 0.0]
      [Object Copy (ms): Min: 1.7, Avg: 1.7, Max: 1.9, Diff: 0.2, Sum: 14.0]
      [Termination (ms): Min: 0.0, Avg: 0.2, Max: 0.2, Diff: 0.2, Sum: 1.4]
         [Termination Attempts: Min: 1, Avg: 1.0, Max: 1, Diff: 0, Sum: 8]
      [GC Worker Other (ms): Min: 0.0, Avg: 0.0, Max: 0.0, Diff: 0.0, Sum: 0.1]
      [GC Worker Total (ms): Min: 2.6, Avg: 2.6, Max: 2.7, Diff: 0.1, Sum: 21.0]
      [GC Worker End (ms): Min: 837.1, Avg: 837.1, Max: 837.1, Diff: 0.0]
   [Code Root Fixup: 0.0 ms]
   [Code Root Purge: 0.0 ms]
   [Clear CT: 0.1 ms]
   [Other: 0.5 ms]
      [Choose CSet: 0.0 ms]
      [Ref Proc: 0.3 ms]
      [Ref Enq: 0.0 ms]
      [Redirty Cards: 0.1 ms]
      [Humongous Register: 0.1 ms]
      [Humongous Reclaim: 0.0 ms]
      [Free CSet: 0.0 ms]
   [Eden: 50.0M(50.0M)->0.0B(18.0M) Survivors: 5120.0K->7168.0K Heap: 402.8M(512.0M)->357.5M(512.0M)]
 [Times: user=0.02 sys=0.00, real=0.00 secs] 
2021-07-04T16:38:08.916-0800: 0.844: [GC pause (G1 Evacuation Pause) (mixed), 0.0066480 secs]
   [Parallel Time: 6.0 ms, GC Workers: 8]
      [GC Worker Start (ms): Min: 844.4, Avg: 844.5, Max: 844.5, Diff: 0.1]
      [Ext Root Scanning (ms): Min: 0.1, Avg: 0.1, Max: 0.2, Diff: 0.2, Sum: 0.9]
      [Update RS (ms): Min: 0.9, Avg: 1.1, Max: 2.2, Diff: 1.3, Sum: 8.8]
         [Processed Buffers: Min: 2, Avg: 6.9, Max: 11, Diff: 9, Sum: 55]
      [Scan RS (ms): Min: 0.0, Avg: 1.2, Max: 4.8, Diff: 4.8, Sum: 9.7]
      [Code Root Scanning (ms): Min: 0.0, Avg: 0.0, Max: 0.0, Diff: 0.0, Sum: 0.0]
      [Object Copy (ms): Min: 0.0, Avg: 3.3, Max: 4.8, Diff: 4.8, Sum: 26.3]
      [Termination (ms): Min: 0.0, Avg: 0.1, Max: 0.3, Diff: 0.3, Sum: 1.1]
         [Termination Attempts: Min: 1, Avg: 10.1, Max: 20, Diff: 19, Sum: 81]
      [GC Worker Other (ms): Min: 0.0, Avg: 0.0, Max: 0.0, Diff: 0.0, Sum: 0.1]
      [GC Worker Total (ms): Min: 5.9, Avg: 5.9, Max: 5.9, Diff: 0.1, Sum: 47.1]
      [GC Worker End (ms): Min: 850.3, Avg: 850.3, Max: 850.4, Diff: 0.0]
   [Code Root Fixup: 0.0 ms]
   [Code Root Purge: 0.0 ms]
   [Clear CT: 0.1 ms]
   [Other: 0.5 ms]
      [Choose CSet: 0.0 ms]
      [Ref Proc: 0.2 ms]
      [Ref Enq: 0.0 ms]
      [Redirty Cards: 0.2 ms]
      [Humongous Register: 0.1 ms]
      [Humongous Reclaim: 0.0 ms]
      [Free CSet: 0.0 ms]
   [Eden: 18.0M(18.0M)->0.0B(34.0M) Survivors: 7168.0K->4096.0K Heap: 384.0M(512.0M)->352.4M(512.0M)]
 [Times: user=0.02 sys=0.00, real=0.01 secs] 
2021-07-04T16:38:08.925-0800: 0.853: [GC pause (G1 Humongous Allocation) (young) (initial-mark), 0.0017262 secs]
   [Parallel Time: 1.0 ms, GC Workers: 8]
      [GC Worker Start (ms): Min: 853.3, Avg: 853.3, Max: 853.5, Diff: 0.2]
      [Ext Root Scanning (ms): Min: 0.0, Avg: 0.2, Max: 0.3, Diff: 0.3, Sum: 1.7]
      [Update RS (ms): Min: 0.0, Avg: 0.2, Max: 0.6, Diff: 0.6, Sum: 1.9]
         [Processed Buffers: Min: 0, Avg: 1.1, Max: 3, Diff: 3, Sum: 9]
      [Scan RS (ms): Min: 0.0, Avg: 0.0, Max: 0.0, Diff: 0.0, Sum: 0.0]
      [Code Root Scanning (ms): Min: 0.0, Avg: 0.0, Max: 0.0, Diff: 0.0, Sum: 0.0]
      [Object Copy (ms): Min: 0.0, Avg: 0.2, Max: 0.4, Diff: 0.4, Sum: 1.5]
      [Termination (ms): Min: 0.0, Avg: 0.2, Max: 0.3, Diff: 0.3, Sum: 1.7]
         [Termination Attempts: Min: 1, Avg: 1.4, Max: 3, Diff: 2, Sum: 11]
      [GC Worker Other (ms): Min: 0.0, Avg: 0.0, Max: 0.0, Diff: 0.0, Sum: 0.1]
      [GC Worker Total (ms): Min: 0.7, Avg: 0.9, Max: 0.9, Diff: 0.2, Sum: 6.9]
      [GC Worker End (ms): Min: 854.2, Avg: 854.2, Max: 854.2, Diff: 0.0]
   [Code Root Fixup: 0.0 ms]
   [Code Root Purge: 0.0 ms]
   [Clear CT: 0.1 ms]
   [Other: 0.6 ms]
      [Choose CSet: 0.0 ms]
      [Ref Proc: 0.2 ms]
      [Ref Enq: 0.0 ms]
      [Redirty Cards: 0.1 ms]
      [Humongous Register: 0.1 ms]
      [Humongous Reclaim: 0.0 ms]
      [Free CSet: 0.0 ms]
   [Eden: 3072.0K(34.0M)->0.0B(35.0M) Survivors: 4096.0K->1024.0K Heap: 355.1M(512.0M)->351.8M(512.0M)]
 [Times: user=0.00 sys=0.00, real=0.00 secs] 
2021-07-04T16:38:08.927-0800: 0.855: [GC concurrent-root-region-scan-start]
2021-07-04T16:38:08.927-0800: 0.855: [GC concurrent-root-region-scan-end, 0.0000894 secs]
2021-07-04T16:38:08.927-0800: 0.855: [GC concurrent-mark-start]
2021-07-04T16:38:08.928-0800: 0.856: [GC concurrent-mark-end, 0.0010014 secs]
2021-07-04T16:38:08.928-0800: 0.856: [GC remark 2021-07-04T16:38:08.928-0800: 0.856: [Finalize Marking, 0.0002882 secs] 2021-07-04T16:38:08.928-0800: 0.857: [GC ref-proc, 0.0000636 secs] 2021-07-04T16:38:08.928-0800: 0.857: [Unloading, 0.0004886 secs], 0.0017690 secs]
 [Times: user=0.01 sys=0.00, real=0.01 secs] 
2021-07-04T16:38:08.930-0800: 0.858: [GC cleanup 354M->354M(512M), 0.0006320 secs]
 [Times: user=0.00 sys=0.00, real=0.00 secs] 
2021-07-04T16:38:08.944-0800: 0.872: [GC pause (G1 Evacuation Pause) (young), 0.0019171 secs]
   [Parallel Time: 1.4 ms, GC Workers: 8]
      [GC Worker Start (ms): Min: 872.0, Avg: 872.1, Max: 872.2, Diff: 0.1]
      [Ext Root Scanning (ms): Min: 0.0, Avg: 0.1, Max: 0.1, Diff: 0.1, Sum: 0.7]
      [Update RS (ms): Min: 0.4, Avg: 0.4, Max: 0.5, Diff: 0.1, Sum: 3.6]
         [Processed Buffers: Min: 4, Avg: 5.2, Max: 6, Diff: 2, Sum: 42]
      [Scan RS (ms): Min: 0.0, Avg: 0.0, Max: 0.0, Diff: 0.0, Sum: 0.1]
      [Code Root Scanning (ms): Min: 0.0, Avg: 0.0, Max: 0.0, Diff: 0.0, Sum: 0.0]
      [Object Copy (ms): Min: 0.5, Avg: 0.6, Max: 0.8, Diff: 0.2, Sum: 5.0]
      [Termination (ms): Min: 0.0, Avg: 0.1, Max: 0.2, Diff: 0.2, Sum: 1.0]
         [Termination Attempts: Min: 1, Avg: 1.1, Max: 2, Diff: 1, Sum: 9]
      [GC Worker Other (ms): Min: 0.0, Avg: 0.0, Max: 0.0, Diff: 0.0, Sum: 0.1]
      [GC Worker Total (ms): Min: 1.3, Avg: 1.3, Max: 1.4, Diff: 0.1, Sum: 10.4]
      [GC Worker End (ms): Min: 873.4, Avg: 873.4, Max: 873.4, Diff: 0.0]
   [Code Root Fixup: 0.0 ms]
   [Code Root Purge: 0.0 ms]
   [Clear CT: 0.1 ms]
   [Other: 0.4 ms]
      [Choose CSet: 0.0 ms]
      [Ref Proc: 0.1 ms]
      [Ref Enq: 0.0 ms]
      [Redirty Cards: 0.1 ms]
      [Humongous Register: 0.1 ms]
      [Humongous Reclaim: 0.0 ms]
      [Free CSet: 0.0 ms]
   [Eden: 35.0M(35.0M)->0.0B(20.0M) Survivors: 1024.0K->5120.0K Heap: 396.0M(512.0M)->365.9M(512.0M)]
 [Times: user=0.01 sys=0.01, real=0.00 secs] 
2021-07-04T16:38:08.953-0800: 0.882: [GC pause (G1 Evacuation Pause) (mixed), 0.0047879 secs]
   [Parallel Time: 4.0 ms, GC Workers: 8]
      [GC Worker Start (ms): Min: 881.8, Avg: 881.8, Max: 881.8, Diff: 0.1]
      [Ext Root Scanning (ms): Min: 0.1, Avg: 0.1, Max: 0.3, Diff: 0.3, Sum: 1.1]
      [Update RS (ms): Min: 0.0, Avg: 0.2, Max: 0.2, Diff: 0.2, Sum: 1.5]
         [Processed Buffers: Min: 0, Avg: 2.9, Max: 4, Diff: 4, Sum: 23]
      [Scan RS (ms): Min: 0.0, Avg: 0.0, Max: 0.1, Diff: 0.0, Sum: 0.2]
      [Code Root Scanning (ms): Min: 0.0, Avg: 0.0, Max: 0.0, Diff: 0.0, Sum: 0.0]
      [Object Copy (ms): Min: 3.4, Avg: 3.5, Max: 3.5, Diff: 0.1, Sum: 27.8]
      [Termination (ms): Min: 0.0, Avg: 0.1, Max: 0.1, Diff: 0.1, Sum: 0.5]
         [Termination Attempts: Min: 1, Avg: 1.0, Max: 1, Diff: 0, Sum: 8]
      [GC Worker Other (ms): Min: 0.0, Avg: 0.0, Max: 0.0, Diff: 0.0, Sum: 0.1]
      [GC Worker Total (ms): Min: 3.9, Avg: 3.9, Max: 4.0, Diff: 0.1, Sum: 31.2]
      [GC Worker End (ms): Min: 885.7, Avg: 885.7, Max: 885.7, Diff: 0.0]
   [Code Root Fixup: 0.0 ms]
   [Code Root Purge: 0.0 ms]
   [Clear CT: 0.1 ms]
   [Other: 0.6 ms]
      [Choose CSet: 0.0 ms]
      [Ref Proc: 0.3 ms]
      [Ref Enq: 0.0 ms]
      [Redirty Cards: 0.2 ms]
      [Humongous Register: 0.1 ms]
      [Humongous Reclaim: 0.0 ms]
      [Free CSet: 0.0 ms]
   [Eden: 20.0M(20.0M)->0.0B(35.0M) Survivors: 5120.0K->4096.0K Heap: 387.8M(512.0M)->352.3M(512.0M)]
 [Times: user=0.03 sys=0.00, real=0.00 secs] 
2021-07-04T16:38:08.958-0800: 0.887: [GC pause (G1 Humongous Allocation) (young) (initial-mark), 0.0012051 secs]
   [Parallel Time: 0.6 ms, GC Workers: 8]
      [GC Worker Start (ms): Min: 886.9, Avg: 887.0, Max: 887.1, Diff: 0.2]
      [Ext Root Scanning (ms): Min: 0.0, Avg: 0.2, Max: 0.3, Diff: 0.3, Sum: 1.4]
      [Update RS (ms): Min: 0.0, Avg: 0.1, Max: 0.1, Diff: 0.1, Sum: 0.5]
         [Processed Buffers: Min: 0, Avg: 1.1, Max: 2, Diff: 2, Sum: 9]
      [Scan RS (ms): Min: 0.0, Avg: 0.0, Max: 0.0, Diff: 0.0, Sum: 0.0]
      [Code Root Scanning (ms): Min: 0.0, Avg: 0.0, Max: 0.0, Diff: 0.0, Sum: 0.0]
      [Object Copy (ms): Min: 0.1, Avg: 0.2, Max: 0.2, Diff: 0.1, Sum: 1.5]
      [Termination (ms): Min: 0.0, Avg: 0.0, Max: 0.1, Diff: 0.1, Sum: 0.2]
         [Termination Attempts: Min: 1, Avg: 1.0, Max: 1, Diff: 0, Sum: 8]
      [GC Worker Other (ms): Min: 0.0, Avg: 0.0, Max: 0.0, Diff: 0.0, Sum: 0.1]
      [GC Worker Total (ms): Min: 0.3, Avg: 0.5, Max: 0.5, Diff: 0.2, Sum: 3.7]
      [GC Worker End (ms): Min: 887.4, Avg: 887.5, Max: 887.5, Diff: 0.0]
   [Code Root Fixup: 0.0 ms]
   [Code Root Purge: 0.0 ms]
   [Clear CT: 0.1 ms]
   [Other: 0.5 ms]
      [Choose CSet: 0.0 ms]
      [Ref Proc: 0.2 ms]
      [Ref Enq: 0.0 ms]
      [Redirty Cards: 0.2 ms]
      [Humongous Register: 0.1 ms]
      [Humongous Reclaim: 0.0 ms]
      [Free CSet: 0.0 ms]
   [Eden: 2048.0K(35.0M)->0.0B(35.0M) Survivors: 4096.0K->1024.0K Heap: 353.8M(512.0M)->352.2M(512.0M)]
 [Times: user=0.00 sys=0.00, real=0.01 secs] 
2021-07-04T16:38:08.960-0800: 0.888: [GC concurrent-root-region-scan-start]
2021-07-04T16:38:08.960-0800: 0.888: [GC concurrent-root-region-scan-end, 0.0000820 secs]
2021-07-04T16:38:08.960-0800: 0.888: [GC concurrent-mark-start]
2021-07-04T16:38:08.961-0800: 0.889: [GC concurrent-mark-end, 0.0009789 secs]
2021-07-04T16:38:08.961-0800: 0.889: [GC remark 2021-07-04T16:38:08.961-0800: 0.889: [Finalize Marking, 0.0001550 secs] 2021-07-04T16:38:08.961-0800: 0.890: [GC ref-proc, 0.0000463 secs] 2021-07-04T16:38:08.961-0800: 0.890: [Unloading, 0.0003733 secs], 0.0015948 secs]
 [Times: user=0.00 sys=0.00, real=0.00 secs] 
2021-07-04T16:38:08.963-0800: 0.891: [GC cleanup 355M->355M(512M), 0.0006209 secs]
 [Times: user=0.00 sys=0.00, real=0.00 secs] 
2021-07-04T16:38:08.976-0800: 0.904: [GC pause (G1 Evacuation Pause) (young), 0.0022616 secs]
   [Parallel Time: 1.6 ms, GC Workers: 8]
      [GC Worker Start (ms): Min: 904.3, Avg: 904.5, Max: 905.5, Diff: 1.2]
      [Ext Root Scanning (ms): Min: 0.0, Avg: 0.1, Max: 0.3, Diff: 0.3, Sum: 1.0]
      [Update RS (ms): Min: 0.0, Avg: 0.7, Max: 0.8, Diff: 0.8, Sum: 5.3]
         [Processed Buffers: Min: 0, Avg: 8.5, Max: 12, Diff: 12, Sum: 68]
      [Scan RS (ms): Min: 0.0, Avg: 0.0, Max: 0.0, Diff: 0.0, Sum: 0.0]
      [Code Root Scanning (ms): Min: 0.0, Avg: 0.0, Max: 0.0, Diff: 0.0, Sum: 0.0]
      [Object Copy (ms): Min: 0.3, Avg: 0.5, Max: 0.6, Diff: 0.3, Sum: 3.9]
      [Termination (ms): Min: 0.0, Avg: 0.1, Max: 0.1, Diff: 0.1, Sum: 0.5]
         [Termination Attempts: Min: 1, Avg: 1.0, Max: 1, Diff: 0, Sum: 8]
      [GC Worker Other (ms): Min: 0.0, Avg: 0.0, Max: 0.0, Diff: 0.0, Sum: 0.1]
      [GC Worker Total (ms): Min: 0.3, Avg: 1.4, Max: 1.6, Diff: 1.2, Sum: 10.9]
      [GC Worker End (ms): Min: 905.8, Avg: 905.8, Max: 905.8, Diff: 0.0]
   [Code Root Fixup: 0.0 ms]
   [Code Root Purge: 0.0 ms]
   [Clear CT: 0.2 ms]
   [Other: 0.5 ms]
      [Choose CSet: 0.0 ms]
      [Ref Proc: 0.1 ms]
      [Ref Enq: 0.0 ms]
      [Redirty Cards: 0.1 ms]
      [Humongous Register: 0.1 ms]
      [Humongous Reclaim: 0.0 ms]
      [Free CSet: 0.0 ms]
   [Eden: 35.0M(35.0M)->0.0B(20.0M) Survivors: 1024.0K->5120.0K Heap: 394.6M(512.0M)->359.9M(512.0M)]
 [Times: user=0.01 sys=0.00, real=0.00 secs] 
2021-07-04T16:38:08.986-0800: 0.914: [GC pause (G1 Evacuation Pause) (mixed), 0.0046175 secs]
   [Parallel Time: 4.0 ms, GC Workers: 8]
      [GC Worker Start (ms): Min: 914.4, Avg: 914.5, Max: 914.7, Diff: 0.2]
      [Ext Root Scanning (ms): Min: 0.0, Avg: 0.1, Max: 0.1, Diff: 0.1, Sum: 0.6]
      [Update RS (ms): Min: 0.5, Avg: 0.6, Max: 0.7, Diff: 0.1, Sum: 4.7]
         [Processed Buffers: Min: 6, Avg: 7.1, Max: 9, Diff: 3, Sum: 57]
      [Scan RS (ms): Min: 0.0, Avg: 0.0, Max: 0.1, Diff: 0.1, Sum: 0.3]
      [Code Root Scanning (ms): Min: 0.0, Avg: 0.0, Max: 0.0, Diff: 0.0, Sum: 0.0]
      [Object Copy (ms): Min: 3.0, Avg: 3.0, Max: 3.1, Diff: 0.1, Sum: 24.3]
      [Termination (ms): Min: 0.0, Avg: 0.0, Max: 0.1, Diff: 0.1, Sum: 0.4]
         [Termination Attempts: Min: 1, Avg: 1.0, Max: 1, Diff: 0, Sum: 8]
      [GC Worker Other (ms): Min: 0.0, Avg: 0.0, Max: 0.0, Diff: 0.0, Sum: 0.1]
      [GC Worker Total (ms): Min: 3.7, Avg: 3.8, Max: 3.9, Diff: 0.2, Sum: 30.3]
      [GC Worker End (ms): Min: 918.3, Avg: 918.3, Max: 918.4, Diff: 0.0]
   [Code Root Fixup: 0.0 ms]
   [Code Root Purge: 0.0 ms]
   [Clear CT: 0.1 ms]
   [Other: 0.5 ms]
      [Choose CSet: 0.0 ms]
      [Ref Proc: 0.2 ms]
      [Ref Enq: 0.0 ms]
      [Redirty Cards: 0.1 ms]
      [Humongous Register: 0.1 ms]
      [Humongous Reclaim: 0.0 ms]
      [Free CSet: 0.0 ms]
   [Eden: 20.0M(20.0M)->0.0B(37.0M) Survivors: 5120.0K->4096.0K Heap: 386.0M(512.0M)->350.2M(512.0M)]
 [Times: user=0.03 sys=0.00, real=0.01 secs] 
2021-07-04T16:38:08.991-0800: 0.920: [GC pause (G1 Humongous Allocation) (young) (initial-mark), 0.0009975 secs]
   [Parallel Time: 0.5 ms, GC Workers: 8]
      [GC Worker Start (ms): Min: 919.9, Avg: 919.9, Max: 920.0, Diff: 0.1]
      [Ext Root Scanning (ms): Min: 0.0, Avg: 0.1, Max: 0.1, Diff: 0.1, Sum: 0.7]
      [Update RS (ms): Min: 0.0, Avg: 0.1, Max: 0.1, Diff: 0.1, Sum: 0.6]
         [Processed Buffers: Min: 1, Avg: 1.1, Max: 2, Diff: 1, Sum: 9]
      [Scan RS (ms): Min: 0.0, Avg: 0.0, Max: 0.0, Diff: 0.0, Sum: 0.0]
      [Code Root Scanning (ms): Min: 0.0, Avg: 0.0, Max: 0.0, Diff: 0.0, Sum: 0.0]
      [Object Copy (ms): Min: 0.1, Avg: 0.2, Max: 0.2, Diff: 0.1, Sum: 1.4]
      [Termination (ms): Min: 0.0, Avg: 0.0, Max: 0.1, Diff: 0.1, Sum: 0.4]
         [Termination Attempts: Min: 1, Avg: 1.0, Max: 1, Diff: 0, Sum: 8]
      [GC Worker Other (ms): Min: 0.0, Avg: 0.0, Max: 0.0, Diff: 0.0, Sum: 0.1]
      [GC Worker Total (ms): Min: 0.4, Avg: 0.4, Max: 0.4, Diff: 0.1, Sum: 3.2]
      [GC Worker End (ms): Min: 920.3, Avg: 920.3, Max: 920.4, Diff: 0.0]
   [Code Root Fixup: 0.0 ms]
   [Code Root Purge: 0.0 ms]
   [Clear CT: 0.1 ms]
   [Other: 0.4 ms]
      [Choose CSet: 0.0 ms]
      [Ref Proc: 0.1 ms]
      [Ref Enq: 0.0 ms]
      [Redirty Cards: 0.1 ms]
      [Humongous Register: 0.1 ms]
      [Humongous Reclaim: 0.0 ms]
      [Free CSet: 0.0 ms]
   [Eden: 3072.0K(37.0M)->0.0B(39.0M) Survivors: 4096.0K->1024.0K Heap: 352.4M(512.0M)->350.0M(512.0M)]
 [Times: user=0.00 sys=0.00, real=0.00 secs] 
2021-07-04T16:38:08.992-0800: 0.921: [GC concurrent-root-region-scan-start]
2021-07-04T16:38:08.993-0800: 0.921: [GC concurrent-root-region-scan-end, 0.0000575 secs]
2021-07-04T16:38:08.993-0800: 0.921: [GC concurrent-mark-start]
2021-07-04T16:38:08.994-0800: 0.922: [GC concurrent-mark-end, 0.0010009 secs]
2021-07-04T16:38:08.994-0800: 0.922: [GC remark 2021-07-04T16:38:08.994-0800: 0.922: [Finalize Marking, 0.0001487 secs] 2021-07-04T16:38:08.994-0800: 0.922: [GC ref-proc, 0.0000409 secs] 2021-07-04T16:38:08.994-0800: 0.922: [Unloading, 0.0003541 secs], 0.0012937 secs]
 [Times: user=0.01 sys=0.00, real=0.00 secs] 
2021-07-04T16:38:08.995-0800: 0.923: [GC cleanup 354M->354M(512M), 0.0005664 secs]
 [Times: user=0.00 sys=0.00, real=0.00 secs] 
2021-07-04T16:38:09.007-0800: 0.936: [GC pause (G1 Evacuation Pause) (young), 0.0029130 secs]
   [Parallel Time: 2.3 ms, GC Workers: 8]
      [GC Worker Start (ms): Min: 935.9, Avg: 936.2, Max: 937.5, Diff: 1.6]
      [Ext Root Scanning (ms): Min: 0.0, Avg: 0.3, Max: 1.5, Diff: 1.5, Sum: 2.1]
      [Update RS (ms): Min: 0.0, Avg: 0.8, Max: 1.1, Diff: 1.1, Sum: 6.5]
         [Processed Buffers: Min: 0, Avg: 7.2, Max: 13, Diff: 13, Sum: 58]
      [Scan RS (ms): Min: 0.0, Avg: 0.0, Max: 0.0, Diff: 0.0, Sum: 0.1]
      [Code Root Scanning (ms): Min: 0.0, Avg: 0.0, Max: 0.0, Diff: 0.0, Sum: 0.0]
      [Object Copy (ms): Min: 0.6, Avg: 0.8, Max: 1.0, Diff: 0.4, Sum: 6.7]
      [Termination (ms): Min: 0.0, Avg: 0.1, Max: 0.1, Diff: 0.1, Sum: 0.6]
         [Termination Attempts: Min: 1, Avg: 1.2, Max: 3, Diff: 2, Sum: 10]
      [GC Worker Other (ms): Min: 0.0, Avg: 0.0, Max: 0.0, Diff: 0.0, Sum: 0.1]
      [GC Worker Total (ms): Min: 0.7, Avg: 2.0, Max: 2.3, Diff: 1.6, Sum: 16.2]
      [GC Worker End (ms): Min: 938.2, Avg: 938.2, Max: 938.2, Diff: 0.0]
   [Code Root Fixup: 0.0 ms]
   [Code Root Purge: 0.0 ms]
   [Clear CT: 0.1 ms]
   [Other: 0.5 ms]
      [Choose CSet: 0.0 ms]
      [Ref Proc: 0.2 ms]
      [Ref Enq: 0.0 ms]
      [Redirty Cards: 0.1 ms]
      [Humongous Register: 0.1 ms]
      [Humongous Reclaim: 0.0 ms]
      [Free CSet: 0.0 ms]
   [Eden: 39.0M(39.0M)->0.0B(20.0M) Survivors: 1024.0K->5120.0K Heap: 398.9M(512.0M)->361.4M(512.0M)]
 [Times: user=0.01 sys=0.01, real=0.01 secs] 
2021-07-04T16:38:09.017-0800: 0.945: [GC pause (G1 Evacuation Pause) (mixed), 0.0038826 secs]
   [Parallel Time: 3.3 ms, GC Workers: 8]
      [GC Worker Start (ms): Min: 945.6, Avg: 945.6, Max: 945.7, Diff: 0.1]
      [Ext Root Scanning (ms): Min: 0.1, Avg: 0.2, Max: 0.8, Diff: 0.7, Sum: 1.4]
      [Update RS (ms): Min: 0.0, Avg: 0.5, Max: 0.6, Diff: 0.6, Sum: 3.9]
         [Processed Buffers: Min: 0, Avg: 6.2, Max: 8, Diff: 8, Sum: 50]
      [Scan RS (ms): Min: 0.0, Avg: 0.1, Max: 0.1, Diff: 0.1, Sum: 0.4]
      [Code Root Scanning (ms): Min: 0.0, Avg: 0.0, Max: 0.0, Diff: 0.0, Sum: 0.0]
      [Object Copy (ms): Min: 2.3, Avg: 2.4, Max: 2.4, Diff: 0.1, Sum: 19.1]
      [Termination (ms): Min: 0.0, Avg: 0.1, Max: 0.1, Diff: 0.1, Sum: 0.7]
         [Termination Attempts: Min: 1, Avg: 1.0, Max: 1, Diff: 0, Sum: 8]
      [GC Worker Other (ms): Min: 0.0, Avg: 0.0, Max: 0.0, Diff: 0.0, Sum: 0.1]
      [GC Worker Total (ms): Min: 3.2, Avg: 3.2, Max: 3.3, Diff: 0.1, Sum: 25.7]
      [GC Worker End (ms): Min: 948.8, Avg: 948.8, Max: 948.8, Diff: 0.0]
   [Code Root Fixup: 0.0 ms]
   [Code Root Purge: 0.0 ms]
   [Clear CT: 0.1 ms]
   [Other: 0.4 ms]
      [Choose CSet: 0.0 ms]
      [Ref Proc: 0.1 ms]
      [Ref Enq: 0.0 ms]
      [Redirty Cards: 0.1 ms]
      [Humongous Register: 0.1 ms]
      [Humongous Reclaim: 0.0 ms]
      [Free CSet: 0.0 ms]
   [Eden: 20.0M(20.0M)->0.0B(32.0M) Survivors: 5120.0K->4096.0K Heap: 386.6M(512.0M)->356.8M(512.0M)]
 [Times: user=0.02 sys=0.00, real=0.01 secs] 
2021-07-04T16:38:09.022-0800: 0.950: [GC pause (G1 Humongous Allocation) (young) (initial-mark), 0.0010643 secs]
   [Parallel Time: 0.6 ms, GC Workers: 8]
      [GC Worker Start (ms): Min: 950.0, Avg: 950.1, Max: 950.1, Diff: 0.1]
      [Ext Root Scanning (ms): Min: 0.0, Avg: 0.1, Max: 0.2, Diff: 0.1, Sum: 0.8]
      [Update RS (ms): Min: 0.0, Avg: 0.1, Max: 0.3, Diff: 0.3, Sum: 0.8]
         [Processed Buffers: Min: 1, Avg: 1.1, Max: 2, Diff: 1, Sum: 9]
      [Scan RS (ms): Min: 0.0, Avg: 0.0, Max: 0.0, Diff: 0.0, Sum: 0.0]
      [Code Root Scanning (ms): Min: 0.0, Avg: 0.0, Max: 0.0, Diff: 0.0, Sum: 0.0]
      [Object Copy (ms): Min: 0.0, Avg: 0.2, Max: 0.3, Diff: 0.3, Sum: 1.4]
      [Termination (ms): Min: 0.0, Avg: 0.1, Max: 0.2, Diff: 0.2, Sum: 0.9]
         [Termination Attempts: Min: 1, Avg: 1.0, Max: 1, Diff: 0, Sum: 8]
      [GC Worker Other (ms): Min: 0.0, Avg: 0.0, Max: 0.0, Diff: 0.0, Sum: 0.1]
      [GC Worker Total (ms): Min: 0.4, Avg: 0.5, Max: 0.6, Diff: 0.1, Sum: 4.0]
      [GC Worker End (ms): Min: 950.6, Avg: 950.6, Max: 950.6, Diff: 0.0]
   [Code Root Fixup: 0.0 ms]
   [Code Root Purge: 0.0 ms]
   [Clear CT: 0.1 ms]
   [Other: 0.4 ms]
      [Choose CSet: 0.0 ms]
      [Ref Proc: 0.1 ms]
      [Ref Enq: 0.0 ms]
      [Redirty Cards: 0.1 ms]
      [Humongous Register: 0.1 ms]
      [Humongous Reclaim: 0.0 ms]
      [Free CSet: 0.0 ms]
   [Eden: 1024.0K(32.0M)->0.0B(32.0M) Survivors: 4096.0K->1024.0K Heap: 357.7M(512.0M)->356.8M(512.0M)]
 [Times: user=0.01 sys=0.00, real=0.00 secs] 
2021-07-04T16:38:09.023-0800: 0.951: [GC concurrent-root-region-scan-start]
2021-07-04T16:38:09.023-0800: 0.951: [GC concurrent-root-region-scan-end, 0.0000590 secs]
2021-07-04T16:38:09.023-0800: 0.951: [GC concurrent-mark-start]
2021-07-04T16:38:09.024-0800: 0.952: [GC concurrent-mark-end, 0.0009247 secs]
2021-07-04T16:38:09.024-0800: 0.952: [GC remark 2021-07-04T16:38:09.024-0800: 0.952: [Finalize Marking, 0.0001941 secs] 2021-07-04T16:38:09.024-0800: 0.952: [GC ref-proc, 0.0000407 secs] 2021-07-04T16:38:09.024-0800: 0.952: [Unloading, 0.0004516 secs], 0.0014484 secs]
 [Times: user=0.01 sys=0.00, real=0.00 secs] 
2021-07-04T16:38:09.025-0800: 0.954: [GC cleanup 363M->363M(512M), 0.0005928 secs]
 [Times: user=0.00 sys=0.00, real=0.00 secs] 
2021-07-04T16:38:09.035-0800: 0.963: [GC pause (G1 Evacuation Pause) (young), 0.0024311 secs]
   [Parallel Time: 1.9 ms, GC Workers: 8]
      [GC Worker Start (ms): Min: 963.2, Avg: 963.3, Max: 963.3, Diff: 0.1]
      [Ext Root Scanning (ms): Min: 0.1, Avg: 0.2, Max: 0.9, Diff: 0.8, Sum: 1.6]
      [Update RS (ms): Min: 0.2, Avg: 0.8, Max: 1.0, Diff: 0.8, Sum: 6.7]
         [Processed Buffers: Min: 2, Avg: 9.6, Max: 11, Diff: 9, Sum: 77]
      [Scan RS (ms): Min: 0.0, Avg: 0.0, Max: 0.0, Diff: 0.0, Sum: 0.0]
      [Code Root Scanning (ms): Min: 0.0, Avg: 0.0, Max: 0.0, Diff: 0.0, Sum: 0.0]
      [Object Copy (ms): Min: 0.6, Avg: 0.7, Max: 0.8, Diff: 0.1, Sum: 5.6]
      [Termination (ms): Min: 0.0, Avg: 0.0, Max: 0.1, Diff: 0.1, Sum: 0.3]
         [Termination Attempts: Min: 1, Avg: 1.0, Max: 1, Diff: 0, Sum: 8]
      [GC Worker Other (ms): Min: 0.0, Avg: 0.0, Max: 0.0, Diff: 0.0, Sum: 0.1]
      [GC Worker Total (ms): Min: 1.7, Avg: 1.8, Max: 1.9, Diff: 0.1, Sum: 14.4]
      [GC Worker End (ms): Min: 965.1, Avg: 965.1, Max: 965.1, Diff: 0.0]
   [Code Root Fixup: 0.0 ms]
   [Code Root Purge: 0.0 ms]
   [Clear CT: 0.1 ms]
   [Other: 0.4 ms]
      [Choose CSet: 0.0 ms]
      [Ref Proc: 0.1 ms]
      [Ref Enq: 0.0 ms]
      [Redirty Cards: 0.1 ms]
      [Humongous Register: 0.1 ms]
      [Humongous Reclaim: 0.0 ms]
      [Free CSet: 0.0 ms]
   [Eden: 32.0M(32.0M)->0.0B(20.0M) Survivors: 1024.0K->5120.0K Heap: 397.6M(512.0M)->367.6M(512.0M)]
 [Times: user=0.01 sys=0.00, real=0.00 secs] 
2021-07-04T16:38:09.044-0800: 0.972: [GC pause (G1 Evacuation Pause) (mixed), 0.0052364 secs]
   [Parallel Time: 4.5 ms, GC Workers: 8]
      [GC Worker Start (ms): Min: 972.3, Avg: 972.4, Max: 972.4, Diff: 0.1]
      [Ext Root Scanning (ms): Min: 0.0, Avg: 0.2, Max: 0.6, Diff: 0.5, Sum: 1.2]
      [Update RS (ms): Min: 0.0, Avg: 0.4, Max: 0.4, Diff: 0.4, Sum: 2.8]
         [Processed Buffers: Min: 0, Avg: 4.5, Max: 6, Diff: 6, Sum: 36]
      [Scan RS (ms): Min: 0.0, Avg: 0.0, Max: 0.2, Diff: 0.2, Sum: 0.4]
      [Code Root Scanning (ms): Min: 0.0, Avg: 0.0, Max: 0.0, Diff: 0.0, Sum: 0.0]
      [Object Copy (ms): Min: 3.6, Avg: 3.7, Max: 3.8, Diff: 0.2, Sum: 29.9]
      [Termination (ms): Min: 0.0, Avg: 0.1, Max: 0.1, Diff: 0.1, Sum: 0.6]
         [Termination Attempts: Min: 1, Avg: 1.0, Max: 1, Diff: 0, Sum: 8]
      [GC Worker Other (ms): Min: 0.0, Avg: 0.0, Max: 0.0, Diff: 0.0, Sum: 0.1]
      [GC Worker Total (ms): Min: 4.3, Avg: 4.4, Max: 4.4, Diff: 0.1, Sum: 35.0]
      [GC Worker End (ms): Min: 976.7, Avg: 976.7, Max: 976.8, Diff: 0.0]
   [Code Root Fixup: 0.0 ms]
   [Code Root Purge: 0.0 ms]
   [Clear CT: 0.2 ms]
   [Other: 0.6 ms]
      [Choose CSet: 0.0 ms]
      [Ref Proc: 0.2 ms]
      [Ref Enq: 0.0 ms]
      [Redirty Cards: 0.2 ms]
      [Humongous Register: 0.1 ms]
      [Humongous Reclaim: 0.0 ms]
      [Free CSet: 0.1 ms]
   [Eden: 20.0M(20.0M)->0.0B(37.0M) Survivors: 5120.0K->4096.0K Heap: 390.9M(512.0M)->353.6M(512.0M)]
 [Times: user=0.03 sys=0.00, real=0.00 secs] 
2021-07-04T16:38:09.051-0800: 0.980: [GC pause (G1 Humongous Allocation) (young) (initial-mark), 0.0012332 secs]
   [Parallel Time: 0.6 ms, GC Workers: 8]
      [GC Worker Start (ms): Min: 980.0, Avg: 980.0, Max: 980.1, Diff: 0.1]
      [Ext Root Scanning (ms): Min: 0.1, Avg: 0.1, Max: 0.2, Diff: 0.1, Sum: 0.8]
      [Update RS (ms): Min: 0.0, Avg: 0.1, Max: 0.1, Diff: 0.1, Sum: 0.6]
         [Processed Buffers: Min: 1, Avg: 1.1, Max: 2, Diff: 1, Sum: 9]
      [Scan RS (ms): Min: 0.0, Avg: 0.0, Max: 0.0, Diff: 0.0, Sum: 0.0]
      [Code Root Scanning (ms): Min: 0.0, Avg: 0.0, Max: 0.0, Diff: 0.0, Sum: 0.0]
      [Object Copy (ms): Min: 0.2, Avg: 0.2, Max: 0.3, Diff: 0.1, Sum: 1.9]
      [Termination (ms): Min: 0.0, Avg: 0.0, Max: 0.1, Diff: 0.1, Sum: 0.2]
         [Termination Attempts: Min: 1, Avg: 1.0, Max: 1, Diff: 0, Sum: 8]
      [GC Worker Other (ms): Min: 0.0, Avg: 0.0, Max: 0.0, Diff: 0.0, Sum: 0.1]
      [GC Worker Total (ms): Min: 0.4, Avg: 0.4, Max: 0.5, Diff: 0.1, Sum: 3.6]
      [GC Worker End (ms): Min: 980.5, Avg: 980.5, Max: 980.5, Diff: 0.0]
   [Code Root Fixup: 0.0 ms]
   [Code Root Purge: 0.0 ms]
   [Clear CT: 0.2 ms]
   [Other: 0.5 ms]
      [Choose CSet: 0.0 ms]
      [Ref Proc: 0.2 ms]
      [Ref Enq: 0.0 ms]
      [Redirty Cards: 0.1 ms]
      [Humongous Register: 0.1 ms]
      [Humongous Reclaim: 0.0 ms]
      [Free CSet: 0.0 ms]
   [Eden: 6144.0K(37.0M)->0.0B(37.0M) Survivors: 4096.0K->2048.0K Heap: 359.2M(512.0M)->354.5M(512.0M)]
 [Times: user=0.01 sys=0.00, real=0.00 secs] 
2021-07-04T16:38:09.053-0800: 0.981: [GC concurrent-root-region-scan-start]
2021-07-04T16:38:09.053-0800: 0.981: [GC concurrent-root-region-scan-end, 0.0001005 secs]
2021-07-04T16:38:09.053-0800: 0.981: [GC concurrent-mark-start]
2021-07-04T16:38:09.054-0800: 0.982: [GC concurrent-mark-end, 0.0009441 secs]
2021-07-04T16:38:09.054-0800: 0.982: [GC remark 2021-07-04T16:38:09.054-0800: 0.982: [Finalize Marking, 0.0001237 secs] 2021-07-04T16:38:09.054-0800: 0.983: [GC ref-proc, 0.0000606 secs] 2021-07-04T16:38:09.054-0800: 0.983: [Unloading, 0.0004119 secs], 0.0013761 secs]
 [Times: user=0.01 sys=0.01, real=0.00 secs] 
2021-07-04T16:38:09.056-0800: 0.984: [GC cleanup 357M->357M(512M), 0.0006272 secs]
 [Times: user=0.00 sys=0.00, real=0.00 secs] 
2021-07-04T16:38:09.068-0800: 0.996: [GC pause (G1 Evacuation Pause) (young), 0.0025549 secs]
   [Parallel Time: 2.1 ms, GC Workers: 8]
      [GC Worker Start (ms): Min: 996.3, Avg: 996.3, Max: 996.4, Diff: 0.2]
      [Ext Root Scanning (ms): Min: 0.0, Avg: 0.1, Max: 0.1, Diff: 0.1, Sum: 0.5]
      [Update RS (ms): Min: 1.0, Avg: 1.1, Max: 1.4, Diff: 0.4, Sum: 8.6]
         [Processed Buffers: Min: 1, Avg: 11.1, Max: 17, Diff: 16, Sum: 89]
      [Scan RS (ms): Min: 0.0, Avg: 0.0, Max: 0.0, Diff: 0.0, Sum: 0.0]
      [Code Root Scanning (ms): Min: 0.0, Avg: 0.0, Max: 0.0, Diff: 0.0, Sum: 0.0]
      [Object Copy (ms): Min: 0.3, Avg: 0.7, Max: 0.8, Diff: 0.5, Sum: 5.2]
      [Termination (ms): Min: 0.0, Avg: 0.1, Max: 0.1, Diff: 0.1, Sum: 0.5]
         [Termination Attempts: Min: 1, Avg: 1.0, Max: 1, Diff: 0, Sum: 8]
      [GC Worker Other (ms): Min: 0.0, Avg: 0.0, Max: 0.0, Diff: 0.0, Sum: 0.1]
      [GC Worker Total (ms): Min: 1.8, Avg: 1.9, Max: 2.0, Diff: 0.2, Sum: 15.1]
      [GC Worker End (ms): Min: 998.2, Avg: 998.2, Max: 998.3, Diff: 0.0]
   [Code Root Fixup: 0.0 ms]
   [Code Root Purge: 0.0 ms]
   [Clear CT: 0.1 ms]
   [Other: 0.4 ms]
      [Choose CSet: 0.0 ms]
      [Ref Proc: 0.2 ms]
      [Ref Enq: 0.0 ms]
      [Redirty Cards: 0.1 ms]
      [Humongous Register: 0.1 ms]
      [Humongous Reclaim: 0.0 ms]
      [Free CSet: 0.0 ms]
   [Eden: 37.0M(37.0M)->0.0B(20.0M) Survivors: 2048.0K->5120.0K Heap: 403.9M(512.0M)->369.9M(512.0M)]
 [Times: user=0.02 sys=0.00, real=0.01 secs] 
2021-07-04T16:38:09.075-0800: 1.004: [GC pause (G1 Evacuation Pause) (mixed), 0.0053381 secs]
   [Parallel Time: 4.7 ms, GC Workers: 8]
      [GC Worker Start (ms): Min: 1003.9, Avg: 1003.9, Max: 1004.0, Diff: 0.1]
      [Ext Root Scanning (ms): Min: 0.0, Avg: 0.1, Max: 0.2, Diff: 0.1, Sum: 0.7]
      [Update RS (ms): Min: 0.5, Avg: 0.6, Max: 0.6, Diff: 0.1, Sum: 4.6]
         [Processed Buffers: Min: 7, Avg: 7.6, Max: 8, Diff: 1, Sum: 61]
      [Scan RS (ms): Min: 0.0, Avg: 0.1, Max: 0.1, Diff: 0.1, Sum: 0.5]
      [Code Root Scanning (ms): Min: 0.0, Avg: 0.0, Max: 0.0, Diff: 0.0, Sum: 0.0]
      [Object Copy (ms): Min: 3.7, Avg: 3.7, Max: 3.9, Diff: 0.2, Sum: 29.9]
      [Termination (ms): Min: 0.0, Avg: 0.1, Max: 0.2, Diff: 0.2, Sum: 0.9]
         [Termination Attempts: Min: 1, Avg: 1.0, Max: 1, Diff: 0, Sum: 8]
      [GC Worker Other (ms): Min: 0.0, Avg: 0.0, Max: 0.0, Diff: 0.0, Sum: 0.1]
      [GC Worker Total (ms): Min: 4.5, Avg: 4.6, Max: 4.6, Diff: 0.1, Sum: 36.6]
      [GC Worker End (ms): Min: 1008.5, Avg: 1008.5, Max: 1008.5, Diff: 0.0]
   [Code Root Fixup: 0.0 ms]
   [Code Root Purge: 0.0 ms]
   [Clear CT: 0.1 ms]
   [Other: 0.5 ms]
      [Choose CSet: 0.0 ms]
      [Ref Proc: 0.2 ms]
      [Ref Enq: 0.0 ms]
      [Redirty Cards: 0.1 ms]
      [Humongous Register: 0.1 ms]
      [Humongous Reclaim: 0.0 ms]
      [Free CSet: 0.1 ms]
   [Eden: 20.0M(20.0M)->0.0B(29.0M) Survivors: 5120.0K->4096.0K Heap: 396.4M(512.0M)->362.2M(512.0M)]
 [Times: user=0.03 sys=0.00, real=0.01 secs] 
2021-07-04T16:38:09.082-0800: 1.011: [GC pause (G1 Humongous Allocation) (young) (initial-mark), 0.0011732 secs]
   [Parallel Time: 0.6 ms, GC Workers: 8]
      [GC Worker Start (ms): Min: 1010.8, Avg: 1010.9, Max: 1010.9, Diff: 0.1]
      [Ext Root Scanning (ms): Min: 0.1, Avg: 0.1, Max: 0.2, Diff: 0.1, Sum: 0.7]
      [Update RS (ms): Min: 0.0, Avg: 0.1, Max: 0.3, Diff: 0.3, Sum: 1.0]
         [Processed Buffers: Min: 1, Avg: 1.1, Max: 2, Diff: 1, Sum: 9]
      [Scan RS (ms): Min: 0.0, Avg: 0.0, Max: 0.0, Diff: 0.0, Sum: 0.0]
      [Code Root Scanning (ms): Min: 0.0, Avg: 0.0, Max: 0.0, Diff: 0.0, Sum: 0.0]
      [Object Copy (ms): Min: 0.0, Avg: 0.2, Max: 0.3, Diff: 0.3, Sum: 1.2]
      [Termination (ms): Min: 0.0, Avg: 0.1, Max: 0.1, Diff: 0.1, Sum: 0.5]
         [Termination Attempts: Min: 1, Avg: 1.0, Max: 1, Diff: 0, Sum: 8]
      [GC Worker Other (ms): Min: 0.0, Avg: 0.0, Max: 0.0, Diff: 0.0, Sum: 0.1]
      [GC Worker Total (ms): Min: 0.4, Avg: 0.4, Max: 0.5, Diff: 0.1, Sum: 3.6]
      [GC Worker End (ms): Min: 1011.3, Avg: 1011.3, Max: 1011.3, Diff: 0.0]
   [Code Root Fixup: 0.0 ms]
   [Code Root Purge: 0.0 ms]
   [Clear CT: 0.1 ms]
   [Other: 0.5 ms]
      [Choose CSet: 0.0 ms]
      [Ref Proc: 0.1 ms]
      [Ref Enq: 0.0 ms]
      [Redirty Cards: 0.2 ms]
      [Humongous Register: 0.1 ms]
      [Humongous Reclaim: 0.0 ms]
      [Free CSet: 0.0 ms]
   [Eden: 4096.0K(29.0M)->0.0B(30.0M) Survivors: 4096.0K->1024.0K Heap: 365.5M(512.0M)->362.7M(512.0M)]
 [Times: user=0.00 sys=0.00, real=0.00 secs] 
2021-07-04T16:38:09.084-0800: 1.012: [GC concurrent-root-region-scan-start]
2021-07-04T16:38:09.084-0800: 1.012: [GC concurrent-root-region-scan-end, 0.0001008 secs]
2021-07-04T16:38:09.084-0800: 1.012: [GC concurrent-mark-start]
2021-07-04T16:38:09.085-0800: 1.013: [GC concurrent-mark-end, 0.0010012 secs]
2021-07-04T16:38:09.085-0800: 1.013: [GC remark 2021-07-04T16:38:09.085-0800: 1.013: [Finalize Marking, 0.0001515 secs] 2021-07-04T16:38:09.085-0800: 1.013: [GC ref-proc, 0.0000492 secs] 2021-07-04T16:38:09.085-0800: 1.014: [Unloading, 0.0003500 secs], 0.0013131 secs]
 [Times: user=0.01 sys=0.00, real=0.00 secs] 
2021-07-04T16:38:09.086-0800: 1.015: [GC cleanup 368M->368M(512M), 0.0008039 secs]
 [Times: user=0.00 sys=0.00, real=0.00 secs] 
2021-07-04T16:38:09.095-0800: 1.024: [GC pause (G1 Evacuation Pause) (young), 0.0021235 secs]
   [Parallel Time: 1.6 ms, GC Workers: 8]
      [GC Worker Start (ms): Min: 1023.9, Avg: 1024.0, Max: 1024.0, Diff: 0.1]
      [Ext Root Scanning (ms): Min: 0.0, Avg: 0.1, Max: 0.1, Diff: 0.1, Sum: 0.7]
      [Update RS (ms): Min: 0.6, Avg: 0.6, Max: 0.6, Diff: 0.1, Sum: 4.9]
         [Processed Buffers: Min: 5, Avg: 7.4, Max: 9, Diff: 4, Sum: 59]
      [Scan RS (ms): Min: 0.0, Avg: 0.0, Max: 0.0, Diff: 0.0, Sum: 0.0]
      [Code Root Scanning (ms): Min: 0.0, Avg: 0.0, Max: 0.0, Diff: 0.0, Sum: 0.0]
      [Object Copy (ms): Min: 0.5, Avg: 0.6, Max: 0.7, Diff: 0.2, Sum: 4.8]
      [Termination (ms): Min: 0.0, Avg: 0.2, Max: 0.2, Diff: 0.2, Sum: 1.3]
         [Termination Attempts: Min: 1, Avg: 1.0, Max: 1, Diff: 0, Sum: 8]
      [GC Worker Other (ms): Min: 0.0, Avg: 0.0, Max: 0.0, Diff: 0.0, Sum: 0.1]
      [GC Worker Total (ms): Min: 1.4, Avg: 1.5, Max: 1.5, Diff: 0.1, Sum: 11.8]
      [GC Worker End (ms): Min: 1025.5, Avg: 1025.5, Max: 1025.5, Diff: 0.0]
   [Code Root Fixup: 0.0 ms]
   [Code Root Purge: 0.0 ms]
   [Clear CT: 0.1 ms]
   [Other: 0.4 ms]
      [Choose CSet: 0.0 ms]
      [Ref Proc: 0.1 ms]
      [Ref Enq: 0.0 ms]
      [Redirty Cards: 0.1 ms]
      [Humongous Register: 0.1 ms]
      [Humongous Reclaim: 0.0 ms]
      [Free CSet: 0.0 ms]
   [Eden: 30.0M(30.0M)->0.0B(21.0M) Survivors: 1024.0K->4096.0K Heap: 399.1M(512.0M)->371.5M(512.0M)]
 [Times: user=0.01 sys=0.00, real=0.00 secs] 
2021-07-04T16:38:09.105-0800: 1.034: [GC pause (G1 Evacuation Pause) (mixed), 0.0063396 secs]
   [Parallel Time: 5.6 ms, GC Workers: 8]
      [GC Worker Start (ms): Min: 1033.7, Avg: 1033.7, Max: 1033.8, Diff: 0.2]
      [Ext Root Scanning (ms): Min: 0.0, Avg: 0.1, Max: 0.1, Diff: 0.1, Sum: 0.7]
      [Update RS (ms): Min: 0.9, Avg: 1.0, Max: 1.1, Diff: 0.1, Sum: 7.9]
         [Processed Buffers: Min: 1, Avg: 9.8, Max: 14, Diff: 13, Sum: 78]
      [Scan RS (ms): Min: 0.0, Avg: 0.0, Max: 0.1, Diff: 0.1, Sum: 0.3]
      [Code Root Scanning (ms): Min: 0.0, Avg: 0.0, Max: 0.0, Diff: 0.0, Sum: 0.0]
      [Object Copy (ms): Min: 4.1, Avg: 4.2, Max: 4.3, Diff: 0.2, Sum: 33.7]
      [Termination (ms): Min: 0.0, Avg: 0.1, Max: 0.3, Diff: 0.3, Sum: 1.0]
         [Termination Attempts: Min: 1, Avg: 1.1, Max: 2, Diff: 1, Sum: 9]
      [GC Worker Other (ms): Min: 0.0, Avg: 0.0, Max: 0.0, Diff: 0.0, Sum: 0.1]
      [GC Worker Total (ms): Min: 5.3, Avg: 5.5, Max: 5.6, Diff: 0.2, Sum: 43.7]
      [GC Worker End (ms): Min: 1039.2, Avg: 1039.2, Max: 1039.2, Diff: 0.1]
   [Code Root Fixup: 0.0 ms]
   [Code Root Purge: 0.0 ms]
   [Clear CT: 0.2 ms]
   [Other: 0.5 ms]
      [Choose CSet: 0.0 ms]
      [Ref Proc: 0.2 ms]
      [Ref Enq: 0.0 ms]
      [Redirty Cards: 0.1 ms]
      [Humongous Register: 0.1 ms]
      [Humongous Reclaim: 0.0 ms]
      [Free CSet: 0.0 ms]
   [Eden: 21.0M(21.0M)->0.0B(29.0M) Survivors: 4096.0K->4096.0K Heap: 401.1M(512.0M)->362.4M(512.0M)]
 [Times: user=0.02 sys=0.00, real=0.01 secs] 
2021-07-04T16:38:09.112-0800: 1.040: [GC pause (G1 Humongous Allocation) (young) (initial-mark), 0.0017097 secs]
   [Parallel Time: 0.8 ms, GC Workers: 8]
      [GC Worker Start (ms): Min: 1040.3, Avg: 1040.4, Max: 1040.5, Diff: 0.2]
      [Ext Root Scanning (ms): Min: 0.0, Avg: 0.3, Max: 0.5, Diff: 0.5, Sum: 2.2]
      [Update RS (ms): Min: 0.0, Avg: 0.1, Max: 0.3, Diff: 0.3, Sum: 0.7]
         [Processed Buffers: Min: 0, Avg: 1.1, Max: 3, Diff: 3, Sum: 9]
      [Scan RS (ms): Min: 0.0, Avg: 0.0, Max: 0.0, Diff: 0.0, Sum: 0.0]
      [Code Root Scanning (ms): Min: 0.0, Avg: 0.0, Max: 0.0, Diff: 0.0, Sum: 0.0]
      [Object Copy (ms): Min: 0.0, Avg: 0.2, Max: 0.4, Diff: 0.4, Sum: 1.9]
      [Termination (ms): Min: 0.0, Avg: 0.1, Max: 0.2, Diff: 0.2, Sum: 0.6]
         [Termination Attempts: Min: 1, Avg: 1.0, Max: 1, Diff: 0, Sum: 8]
      [GC Worker Other (ms): Min: 0.0, Avg: 0.0, Max: 0.0, Diff: 0.0, Sum: 0.1]
      [GC Worker Total (ms): Min: 0.6, Avg: 0.7, Max: 0.8, Diff: 0.2, Sum: 5.5]
      [GC Worker End (ms): Min: 1041.0, Avg: 1041.0, Max: 1041.1, Diff: 0.0]
   [Code Root Fixup: 0.0 ms]
   [Code Root Purge: 0.0 ms]
   [Clear CT: 0.2 ms]
   [Other: 0.7 ms]
      [Choose CSet: 0.0 ms]
      [Ref Proc: 0.3 ms]
      [Ref Enq: 0.0 ms]
      [Redirty Cards: 0.3 ms]
      [Humongous Register: 0.1 ms]
      [Humongous Reclaim: 0.0 ms]
      [Free CSet: 0.0 ms]
   [Eden: 1024.0K(29.0M)->0.0B(28.0M) Survivors: 4096.0K->1024.0K Heap: 363.0M(512.0M)->362.4M(512.0M)]
 [Times: user=0.01 sys=0.01, real=0.00 secs] 
2021-07-04T16:38:09.114-0800: 1.042: [GC concurrent-root-region-scan-start]
2021-07-04T16:38:09.114-0800: 1.042: [GC concurrent-root-region-scan-end, 0.0001013 secs]
2021-07-04T16:38:09.114-0800: 1.042: [GC concurrent-mark-start]
2021-07-04T16:38:09.115-0800: 1.043: [GC concurrent-mark-end, 0.0013272 secs]
2021-07-04T16:38:09.115-0800: 1.044: [GC remark 2021-07-04T16:38:09.115-0800: 1.044: [Finalize Marking, 0.0003805 secs] 2021-07-04T16:38:09.116-0800: 1.044: [GC ref-proc, 0.0000446 secs] 2021-07-04T16:38:09.116-0800: 1.044: [Unloading, 0.0004251 secs], 0.0017851 secs]
 [Times: user=0.01 sys=0.00, real=0.00 secs] 
2021-07-04T16:38:09.117-0800: 1.045: [GC cleanup 366M->366M(512M), 0.0006287 secs]
 [Times: user=0.00 sys=0.00, real=0.00 secs] 
2021-07-04T16:38:09.127-0800: 1.056: [GC pause (G1 Evacuation Pause) (young), 0.0019290 secs]
   [Parallel Time: 1.4 ms, GC Workers: 8]
      [GC Worker Start (ms): Min: 1056.0, Avg: 1056.0, Max: 1056.1, Diff: 0.1]
      [Ext Root Scanning (ms): Min: 0.1, Avg: 0.1, Max: 0.2, Diff: 0.1, Sum: 0.8]
      [Update RS (ms): Min: 0.7, Avg: 0.7, Max: 0.7, Diff: 0.0, Sum: 5.4]
         [Processed Buffers: Min: 7, Avg: 8.4, Max: 9, Diff: 2, Sum: 67]
      [Scan RS (ms): Min: 0.0, Avg: 0.0, Max: 0.0, Diff: 0.0, Sum: 0.0]
      [Code Root Scanning (ms): Min: 0.0, Avg: 0.0, Max: 0.0, Diff: 0.0, Sum: 0.0]
      [Object Copy (ms): Min: 0.4, Avg: 0.5, Max: 0.5, Diff: 0.1, Sum: 3.6]
      [Termination (ms): Min: 0.0, Avg: 0.1, Max: 0.1, Diff: 0.1, Sum: 0.7]
         [Termination Attempts: Min: 1, Avg: 1.0, Max: 1, Diff: 0, Sum: 8]
      [GC Worker Other (ms): Min: 0.0, Avg: 0.0, Max: 0.0, Diff: 0.0, Sum: 0.1]
      [GC Worker Total (ms): Min: 1.3, Avg: 1.3, Max: 1.4, Diff: 0.1, Sum: 10.7]
      [GC Worker End (ms): Min: 1057.4, Avg: 1057.4, Max: 1057.4, Diff: 0.0]
   [Code Root Fixup: 0.0 ms]
   [Code Root Purge: 0.0 ms]
   [Clear CT: 0.1 ms]
   [Other: 0.4 ms]
      [Choose CSet: 0.0 ms]
      [Ref Proc: 0.1 ms]
      [Ref Enq: 0.0 ms]
      [Redirty Cards: 0.1 ms]
      [Humongous Register: 0.1 ms]
      [Humongous Reclaim: 0.0 ms]
      [Free CSet: 0.0 ms]
   [Eden: 28.0M(28.0M)->0.0B(21.0M) Survivors: 1024.0K->4096.0K Heap: 397.9M(512.0M)->373.0M(512.0M)]
 [Times: user=0.01 sys=0.00, real=0.00 secs] 
2021-07-04T16:38:09.137-0800: 1.066: [GC pause (G1 Evacuation Pause) (mixed), 0.0049435 secs]
   [Parallel Time: 4.2 ms, GC Workers: 8]
      [GC Worker Start (ms): Min: 1065.6, Avg: 1065.7, Max: 1065.7, Diff: 0.1]
      [Ext Root Scanning (ms): Min: 0.1, Avg: 0.1, Max: 0.2, Diff: 0.1, Sum: 0.8]
      [Update RS (ms): Min: 0.5, Avg: 0.5, Max: 0.7, Diff: 0.2, Sum: 4.3]
         [Processed Buffers: Min: 0, Avg: 4.9, Max: 7, Diff: 7, Sum: 39]
      [Scan RS (ms): Min: 0.0, Avg: 0.0, Max: 0.1, Diff: 0.1, Sum: 0.3]
      [Code Root Scanning (ms): Min: 0.0, Avg: 0.0, Max: 0.0, Diff: 0.0, Sum: 0.0]
      [Object Copy (ms): Min: 3.2, Avg: 3.3, Max: 3.4, Diff: 0.2, Sum: 26.4]
      [Termination (ms): Min: 0.0, Avg: 0.1, Max: 0.2, Diff: 0.2, Sum: 0.9]
         [Termination Attempts: Min: 1, Avg: 1.0, Max: 1, Diff: 0, Sum: 8]
      [GC Worker Other (ms): Min: 0.0, Avg: 0.0, Max: 0.0, Diff: 0.0, Sum: 0.1]
      [GC Worker Total (ms): Min: 4.0, Avg: 4.1, Max: 4.2, Diff: 0.1, Sum: 32.7]
      [GC Worker End (ms): Min: 1069.8, Avg: 1069.8, Max: 1069.8, Diff: 0.0]
   [Code Root Fixup: 0.0 ms]
   [Code Root Purge: 0.0 ms]
   [Clear CT: 0.2 ms]
   [Other: 0.6 ms]
      [Choose CSet: 0.0 ms]
      [Ref Proc: 0.3 ms]
      [Ref Enq: 0.0 ms]
      [Redirty Cards: 0.1 ms]
      [Humongous Register: 0.1 ms]
      [Humongous Reclaim: 0.0 ms]
      [Free CSet: 0.0 ms]
   [Eden: 21.0M(21.0M)->0.0B(26.0M) Survivors: 4096.0K->4096.0K Heap: 397.8M(512.0M)->363.9M(512.0M)]
 [Times: user=0.02 sys=0.00, real=0.01 secs] 
2021-07-04T16:38:09.143-0800: 1.071: [GC pause (G1 Humongous Allocation) (young) (initial-mark), 0.0012754 secs]
   [Parallel Time: 0.8 ms, GC Workers: 8]
      [GC Worker Start (ms): Min: 1071.3, Avg: 1071.3, Max: 1071.4, Diff: 0.2]
      [Ext Root Scanning (ms): Min: 0.0, Avg: 0.2, Max: 0.6, Diff: 0.6, Sum: 1.9]
      [Update RS (ms): Min: 0.0, Avg: 0.1, Max: 0.5, Diff: 0.5, Sum: 0.9]
         [Processed Buffers: Min: 0, Avg: 1.1, Max: 2, Diff: 2, Sum: 9]
      [Scan RS (ms): Min: 0.0, Avg: 0.0, Max: 0.0, Diff: 0.0, Sum: 0.0]
      [Code Root Scanning (ms): Min: 0.0, Avg: 0.0, Max: 0.0, Diff: 0.0, Sum: 0.0]
      [Object Copy (ms): Min: 0.0, Avg: 0.2, Max: 0.3, Diff: 0.3, Sum: 1.3]
      [Termination (ms): Min: 0.1, Avg: 0.1, Max: 0.2, Diff: 0.2, Sum: 1.1]
         [Termination Attempts: Min: 1, Avg: 1.1, Max: 2, Diff: 1, Sum: 9]
      [GC Worker Other (ms): Min: 0.0, Avg: 0.0, Max: 0.0, Diff: 0.0, Sum: 0.1]
      [GC Worker Total (ms): Min: 0.5, Avg: 0.7, Max: 0.7, Diff: 0.2, Sum: 5.3]
      [GC Worker End (ms): Min: 1072.0, Avg: 1072.0, Max: 1072.0, Diff: 0.0]
   [Code Root Fixup: 0.0 ms]
   [Code Root Purge: 0.0 ms]
   [Clear CT: 0.1 ms]
   [Other: 0.4 ms]
      [Choose CSet: 0.0 ms]
      [Ref Proc: 0.2 ms]
      [Ref Enq: 0.0 ms]
      [Redirty Cards: 0.1 ms]
      [Humongous Register: 0.1 ms]
      [Humongous Reclaim: 0.0 ms]
      [Free CSet: 0.0 ms]
   [Eden: 4096.0K(26.0M)->0.0B(25.0M) Survivors: 4096.0K->2048.0K Heap: 367.1M(512.0M)->364.3M(512.0M)]
 [Times: user=0.01 sys=0.00, real=0.00 secs] 
2021-07-04T16:38:09.144-0800: 1.073: [GC concurrent-root-region-scan-start]
2021-07-04T16:38:09.144-0800: 1.073: [GC concurrent-root-region-scan-end, 0.0000260 secs]
2021-07-04T16:38:09.144-0800: 1.073: [GC concurrent-mark-start]
2021-07-04T16:38:09.145-0800: 1.074: [GC concurrent-mark-end, 0.0009634 secs]
2021-07-04T16:38:09.145-0800: 1.074: [GC remark 2021-07-04T16:38:09.145-0800: 1.074: [Finalize Marking, 0.0001532 secs] 2021-07-04T16:38:09.145-0800: 1.074: [GC ref-proc, 0.0000412 secs] 2021-07-04T16:38:09.145-0800: 1.074: [Unloading, 0.0004125 secs], 0.0014796 secs]
 [Times: user=0.01 sys=0.00, real=0.00 secs] 
2021-07-04T16:38:09.147-0800: 1.075: [GC cleanup 369M->369M(512M), 0.0005317 secs]
 [Times: user=0.00 sys=0.00, real=0.00 secs] 
2021-07-04T16:38:09.155-0800: 1.083: [GC pause (G1 Evacuation Pause) (young), 0.0025390 secs]
   [Parallel Time: 2.0 ms, GC Workers: 8]
      [GC Worker Start (ms): Min: 1083.4, Avg: 1083.5, Max: 1083.5, Diff: 0.1]
      [Ext Root Scanning (ms): Min: 0.0, Avg: 0.1, Max: 0.1, Diff: 0.1, Sum: 0.7]
      [Update RS (ms): Min: 1.0, Avg: 1.0, Max: 1.0, Diff: 0.0, Sum: 8.1]
         [Processed Buffers: Min: 0, Avg: 11.1, Max: 14, Diff: 14, Sum: 89]
      [Scan RS (ms): Min: 0.0, Avg: 0.0, Max: 0.0, Diff: 0.0, Sum: 0.0]
      [Code Root Scanning (ms): Min: 0.0, Avg: 0.0, Max: 0.0, Diff: 0.0, Sum: 0.0]
      [Object Copy (ms): Min: 0.5, Avg: 0.6, Max: 0.8, Diff: 0.2, Sum: 5.0]
      [Termination (ms): Min: 0.0, Avg: 0.2, Max: 0.3, Diff: 0.3, Sum: 1.4]
         [Termination Attempts: Min: 1, Avg: 1.0, Max: 1, Diff: 0, Sum: 8]
      [GC Worker Other (ms): Min: 0.0, Avg: 0.0, Max: 0.0, Diff: 0.0, Sum: 0.1]
      [GC Worker Total (ms): Min: 1.9, Avg: 1.9, Max: 2.0, Diff: 0.1, Sum: 15.4]
      [GC Worker End (ms): Min: 1085.4, Avg: 1085.4, Max: 1085.4, Diff: 0.0]
   [Code Root Fixup: 0.0 ms]
   [Code Root Purge: 0.0 ms]
   [Clear CT: 0.1 ms]
   [Other: 0.4 ms]
      [Choose CSet: 0.0 ms]
      [Ref Proc: 0.1 ms]
      [Ref Enq: 0.0 ms]
      [Redirty Cards: 0.1 ms]
      [Humongous Register: 0.1 ms]
      [Humongous Reclaim: 0.0 ms]
      [Free CSet: 0.0 ms]
   [Eden: 25.0M(25.0M)->0.0B(21.0M) Survivors: 2048.0K->4096.0K Heap: 399.6M(512.0M)->376.0M(512.0M)]
 [Times: user=0.01 sys=0.00, real=0.00 secs] 
Heap
 garbage-first heap   total 524288K, used 395554K [0x00000007a0000000, 0x00000007a0101000, 0x00000007c0000000)
  region size 1024K, 14 young (14336K), 4 survivors (4096K)
 Metaspace       used 2579K, capacity 4486K, committed 4864K, reserved 1056768K
  class space    used 278K, capacity 386K, committed 512K, reserved 1048576K
